Archive member included to satisfy reference by file (symbol)

/home/vagrant/RIOT/tests/driver_srf04/bin/octa/core.a(sched.o)
                              /home/vagrant/RIOT/tests/driver_srf04/bin/octa/newlib_syscalls_default/syscalls.o (sched_active_pid)
/home/vagrant/RIOT/tests/driver_srf04/bin/octa/cortexm_common.a(thread_arch.o)
                              /home/vagrant/RIOT/tests/driver_srf04/bin/octa/core.a(sched.o) (cpu_switch_context_exit)
/home/vagrant/RIOT/tests/driver_srf04/bin/octa/cortexm_common.a(vectors_cortexm.o)
                              /home/vagrant/RIOT/tests/driver_srf04/bin/octa/cpu/vectors.o (dummy_handler_default)
/home/vagrant/RIOT/tests/driver_srf04/bin/octa/cortexm_common.a(irq_arch.o)
                              /home/vagrant/RIOT/tests/driver_srf04/bin/octa/newlib_syscalls_default/syscalls.o (irq_disable)
/home/vagrant/RIOT/tests/driver_srf04/bin/octa/div.a(div.o)
                              /home/vagrant/RIOT/tests/driver_srf04/bin/octa/newlib_syscalls_default/syscalls.o (_div_mulhi64)
/home/vagrant/RIOT/tests/driver_srf04/bin/octa/stdio_uart.a(stdio_uart.o)
                              /home/vagrant/RIOT/tests/driver_srf04/bin/octa/newlib_syscalls_default/syscalls.o (stdio_init)
/home/vagrant/RIOT/tests/driver_srf04/bin/octa/stm32_common_periph.a(uart.o)
                              /home/vagrant/RIOT/tests/driver_srf04/bin/octa/stdio_uart.a(stdio_uart.o) (uart_write)
/home/vagrant/RIOT/tests/driver_srf04/bin/octa/stm32_common_periph.a(gpio.o)
                              /home/vagrant/RIOT/tests/driver_srf04/bin/octa/stm32_common_periph.a(uart.o) (gpio_init)
/home/vagrant/RIOT/tests/driver_srf04/bin/octa/xtimer.a(xtimer_core.o)
                              /home/vagrant/RIOT/tests/driver_srf04/bin/octa/newlib_syscalls_default/syscalls.o (_xtimer_now64)
/home/vagrant/RIOT/tests/driver_srf04/bin/octa/periph_common.a(pm.o)
                              /home/vagrant/RIOT/tests/driver_srf04/bin/octa/newlib_syscalls_default/syscalls.o (pm_off)
/home/vagrant/RIOT/tests/driver_srf04/bin/octa/board.a(board.o)
                              /home/vagrant/RIOT/tests/driver_srf04/bin/octa/cortexm_common.a(vectors_cortexm.o) (board_init)
/home/vagrant/RIOT/tests/driver_srf04/bin/octa/core.a(panic.o)
                              /home/vagrant/RIOT/tests/driver_srf04/bin/octa/cortexm_common.a(vectors_cortexm.o) (core_panic)
/home/vagrant/RIOT/tests/driver_srf04/bin/octa/core.a(kernel_init.o)
                              /home/vagrant/RIOT/tests/driver_srf04/bin/octa/cortexm_common.a(vectors_cortexm.o) (kernel_init)
/home/vagrant/RIOT/tests/driver_srf04/bin/octa/core.a(thread.o)
                              /home/vagrant/RIOT/tests/driver_srf04/bin/octa/core.a(kernel_init.o) (thread_create)
/home/vagrant/RIOT/tests/driver_srf04/bin/octa/cortexm_common_periph.a(pm.o)
                              /home/vagrant/RIOT/tests/driver_srf04/bin/octa/core.a(kernel_init.o) (pm_set_lowest)
/home/vagrant/RIOT/tests/driver_srf04/bin/octa/isrpipe.a(isrpipe.o)
                              /home/vagrant/RIOT/tests/driver_srf04/bin/octa/stdio_uart.a(stdio_uart.o) (isrpipe_write_one)
/home/vagrant/RIOT/tests/driver_srf04/bin/octa/stm32_common.a(cpu_init.o)
                              /home/vagrant/RIOT/tests/driver_srf04/bin/octa/board.a(board.o) (cpu_init)
/home/vagrant/RIOT/tests/driver_srf04/bin/octa/stm32_common.a(cpu_common.o)
                              /home/vagrant/RIOT/tests/driver_srf04/bin/octa/stm32_common_periph.a(uart.o) (periph_apb_clk)
/home/vagrant/RIOT/tests/driver_srf04/bin/octa/stm32_common_periph.a(timer.o)
                              /home/vagrant/RIOT/tests/driver_srf04/bin/octa/xtimer.a(xtimer_core.o) (timer_set_absolute)
/home/vagrant/RIOT/tests/driver_srf04/bin/octa/tsrb.a(tsrb.o)
                              /home/vagrant/RIOT/tests/driver_srf04/bin/octa/isrpipe.a(isrpipe.o) (tsrb_get)
/home/vagrant/RIOT/tests/driver_srf04/bin/octa/periph_common.a(init.o)
                              /home/vagrant/RIOT/tests/driver_srf04/bin/octa/stm32_common.a(cpu_init.o) (periph_init)
/home/vagrant/RIOT/tests/driver_srf04/bin/octa/application_tests_driver_srf04.a(main.o)
                              /home/vagrant/RIOT/tests/driver_srf04/bin/octa/core.a(kernel_init.o) (main)
/home/vagrant/RIOT/tests/driver_srf04/bin/octa/auto_init.a(auto_init.o)
                              /home/vagrant/RIOT/tests/driver_srf04/bin/octa/core.a(kernel_init.o) (auto_init)
/home/vagrant/RIOT/tests/driver_srf04/bin/octa/core.a(mutex.o)
                              /home/vagrant/RIOT/tests/driver_srf04/bin/octa/isrpipe.a(isrpipe.o) (_mutex_lock)
/home/vagrant/RIOT/tests/driver_srf04/bin/octa/cortexm_common.a(cortexm_init.o)
                              /home/vagrant/RIOT/tests/driver_srf04/bin/octa/stm32_common.a(cpu_init.o) (cortexm_init)
/home/vagrant/RIOT/tests/driver_srf04/bin/octa/cpu.a(stmclk.o)
[...]
Memory Configuration

Name             Origin             Length             Attributes
ccmram           0x0000000010000000 0x0000000000000000
rom              0x0000000008000000 0x0000000000100000 xr
ram              0x0000000020000000 0x0000000000050000 w !xr
*default*        0x0000000000000000 0xffffffffffffffff

Linker script and memory map

LOAD /home/vagrant/RIOT/tests/driver_srf04/bin/octa/cpu/vectors.o
LOAD /home/vagrant/RIOT/tests/driver_srf04/bin/octa/newlib_syscalls_default/syscalls.o
START GROUP
LOAD /home/vagrant/RIOT/tests/driver_srf04/bin/octa/application_tests_driver_srf04.a
LOAD /home/vagrant/RIOT/tests/driver_srf04/bin/octa/auto_init.a
LOAD /home/vagrant/RIOT/tests/driver_srf04/bin/octa/board.a
LOAD /home/vagrant/RIOT/tests/driver_srf04/bin/octa/boards_common_nucleo.a
LOAD /home/vagrant/RIOT/tests/driver_srf04/bin/octa/core.a
LOAD /home/vagrant/RIOT/tests/driver_srf04/bin/octa/cortexm_common.a
LOAD /home/vagrant/RIOT/tests/driver_srf04/bin/octa/cortexm_common_periph.a
LOAD /home/vagrant/RIOT/tests/driver_srf04/bin/octa/cpu.a
LOAD /home/vagrant/RIOT/tests/driver_srf04/bin/octa/div.a
LOAD /home/vagrant/RIOT/tests/driver_srf04/bin/octa/isrpipe.a
LOAD /home/vagrant/RIOT/tests/driver_srf04/bin/octa/newlib_syscalls_default.a
LOAD /home/vagrant/RIOT/tests/driver_srf04/bin/octa/periph.a
LOAD /home/vagrant/RIOT/tests/driver_srf04/bin/octa/shell.a
LOAD /home/vagrant/RIOT/tests/driver_srf04/bin/octa/shell_commands.a
LOAD /home/vagrant/RIOT/tests/driver_srf04/bin/octa/srf04.a
LOAD /home/vagrant/RIOT/tests/driver_srf04/bin/octa/stdio_uart.a
LOAD /home/vagrant/RIOT/tests/driver_srf04/bin/octa/stm32_common.a
LOAD /home/vagrant/RIOT/tests/driver_srf04/bin/octa/stm32_common_periph.a
LOAD /home/vagrant/RIOT/tests/driver_srf04/bin/octa/sys.a
LOAD /home/vagrant/RIOT/tests/driver_srf04/bin/octa/tsrb.a
LOAD /home/vagrant/RIOT/tests/driver_srf04/bin/octa/xtimer.a
LOAD /home/vagrant/RIOT/tests/driver_srf04/bin/octa/periph_common.a
LOAD /home/vagrant/gcc-arm-none-eabi-7-2018-q2-update/bin/../lib/gcc/arm-none-eabi/7.3.1/../../../../arm-none-eabi/lib/thumb/v7e-m/libm.a
END GROUP
LOAD /home/vagrant/gcc-arm-none-eabi-7-2018-q2-update/bin/../lib/gcc/arm-none-eabi/7.3.1/thumb/v7e-m/libgcc.a
                0x0000000008000000                _rom_start_addr = 0x8000000
                0x0000000020000000                _ram_start_addr = 0x20000000
                0x0000000000100000                _rom_length = 0x100000
                0x0000000000050000                _ram_length = 0x50000
LOAD /home/vagrant/gcc-arm-none-eabi-7-2018-q2-update/bin/../lib/gcc/arm-none-eabi/7.3.1/../../../../arm-none-eabi/lib/thumb/v7e-m/libc_nano.a
START GROUP
LOAD /home/vagrant/gcc-arm-none-eabi-7-2018-q2-update/bin/../lib/gcc/arm-none-eabi/7.3.1/thumb/v7e-m/libgcc.a
LOAD /home/vagrant/gcc-arm-none-eabi-7-2018-q2-update/bin/../lib/gcc/arm-none-eabi/7.3.1/../../../../arm-none-eabi/lib/thumb/v7e-m/libg_nano.a
LOAD /home/vagrant/gcc-arm-none-eabi-7-2018-q2-update/bin/../lib/gcc/arm-none-eabi/7.3.1/../../../../arm-none-eabi/lib/thumb/v7e-m/libc_nano.a
END GROUP
START GROUP
LOAD /home/vagrant/gcc-arm-none-eabi-7-2018-q2-update/bin/../lib/gcc/arm-none-eabi/7.3.1/thumb/v7e-m/libgcc.a
LOAD /home/vagrant/gcc-arm-none-eabi-7-2018-q2-update/bin/../lib/gcc/arm-none-eabi/7.3.1/../../../../arm-none-eabi/lib/thumb/v7e-m/libc_nano.a
END GROUP
                0x0000000000000000                ccmram_length = DEFINED (ccmram_len)?ccmram_len:0x0
                0x0000000000000000                _rom_offset = DEFINED (_rom_offset)?_rom_offset:0x0
                0x0000000000100000                _fw_rom_length = DEFINED (_fw_rom_length)?_fw_rom_length:(_rom_length - _rom_offset)
                0x0000000000000001                ASSERT ((_fw_rom_length <= (_rom_length - _rom_offset)), Specified firmware size does not fit in ROM)

.text           0x0000000008000000     0x294c
                0x0000000008000000                . = ALIGN (0x4)
                0x0000000008000000                _sfixed = .
                0x0000000008000000                _isr_vectors = DEFINED (_isr_vectors)?_isr_vectors:.
 *(SORT_BY_NAME(.vectors*))
 .vectors.0     0x0000000008000000       0x40 /home/vagrant/RIOT/tests/driver_srf04/bin/octa/cortexm_common.a(vectors_cortexm.o)
                0x0000000008000000                cortex_vector_base
 .vectors.1     0x0000000008000040      0x16c /home/vagrant/RIOT/tests/driver_srf04/bin/octa/cpu/vectors.o
                0x0000000008000040                vector_cpu
 *(.text .text.* .gnu.linkonce.t.*)
 .text.dummy_handler
                0x00000000080001ac        0x4 /home/vagrant/RIOT/tests/driver_srf04/bin/octa/cpu/vectors.o
                0x00000000080001ac                isr_dfsdm1_flt0
                0x00000000080001ac                isr_lptim2
                0x00000000080001ac                isr_rtc_wkup
                0x00000000080001ac                isr_tim1_trg_com_tim17
                0x00000000080001ac                isr_swpmi1
                0x00000000080001ac                isr_dma1_channel4
                0x00000000080001ac                isr_usart1
                0x00000000080001ac                isr_tsc
                0x00000000080001ac                isr_tim7
                0x00000000080001ac                isr_dma2_channel7
                0x00000000080001ac                isr_i2c1_ev
                0x00000000080001ac                isr_usart2
                0x00000000080001ac                isr_dfsdm1_flt3
                0x00000000080001ac                isr_dma1_channel5
                0x00000000080001ac                isr_tim4
                0x00000000080001ac                isr_dma1_channel2
                0x00000000080001ac                isr_adc3
                0x00000000080001ac                isr_dma2_channel6
                0x00000000080001ac                isr_can1_sce
                0x00000000080001ac                isr_dma1_channel7
                0x00000000080001ac                isr_i2c3_ev
                0x00000000080001ac                isr_can2_sce
                0x00000000080001ac                isr_dma2_channel4
                0x00000000080001ac                isr_spi2
                0x00000000080001ac                isr_tamp_stamp
                0x00000000080001ac                isr_tim1_trg_com
                0x00000000080001ac                isr_dma1_channel1
                0x00000000080001ac                dummy_handler
                0x00000000080001ac                isr_otg_fs
                0x00000000080001ac                isr_can1_tx
                0x00000000080001ac                isr_can2_tx
                0x00000000080001ac                isr_tim1_up_tim16
                0x00000000080001ac                isr_adc1_2
                0x00000000080001ac                isr_can1_rx1
                0x00000000080001ac                isr_comp
                0x00000000080001ac                isr_i2c4_er
                0x00000000080001ac                isr_spi1
                0x00000000080001ac                isr_lptim1
                0x00000000080001ac                isr_sai1
                0x00000000080001ac                isr_rcc
                0x00000000080001ac                isr_can2_rx0
                0x00000000080001ac                isr_flash
                0x00000000080001ac                isr_dma2_channel5
                0x00000000080001ac                isr_i2c3_er
                0x00000000080001ac                isr_fmc
                0x00000000080001ac                isr_tim1_cc
                0x00000000080001ac                isr_lpuart1
                0x00000000080001ac                isr_usb
                0x00000000080001ac                isr_dfsdm1_flt2
                0x00000000080001ac                isr_dma2_channel1
                0x00000000080001ac                isr_adc1
                0x00000000080001ac                isr_tim6_dac
                0x00000000080001ac                isr_uart4
                0x00000000080001ac                isr_tim8_brk
                0x00000000080001ac                isr_i2c2_er
                0x00000000080001ac                isr_dma1_channel6
                0x00000000080001ac                isr_spi3
                0x00000000080001ac                isr_lcd
                0x00000000080001ac                isr_can1_rx0
                0x00000000080001ac                isr_tim1_brk_tim15
                0x00000000080001ac                isr_tim3
                0x00000000080001ac                isr_i2c4_ev
                0x00000000080001ac                isr_pvd_pvm
                0x00000000080001ac                isr_tim8_up
                0x00000000080001ac                isr_sdmmc1
                0x00000000080001ac                isr_dfsdm1_flt1
                0x00000000080001ac                isr_crs
                0x00000000080001ac                isr_dma2d
                0x00000000080001ac                isr_fpu
                0x00000000080001ac                isr_rng
                0x00000000080001ac                isr_sai2
                0x00000000080001ac                isr_tim8_cc
                0x00000000080001ac                isr_i2c2_ev
                0x00000000080001ac                isr_dma2_channel2
                0x00000000080001ac                isr_dma2_channel3
                0x00000000080001ac                isr_rtc_alarm
                0x00000000080001ac                isr_quadspi
                0x00000000080001ac                isr_can2_rx1
                0x00000000080001ac                isr_dma1_channel3
                0x00000000080001ac                isr_tim8_trg_com
                0x00000000080001ac                isr_i2c1_er
                0x00000000080001ac                isr_dcmi
                0x00000000080001ac                isr_wwdg
 .text._init    0x00000000080001b0        0x4 /home/vagrant/RIOT/tests/driver_srf04/bin/octa/newlib_syscalls_default/syscalls.o
                0x00000000080001b0                _init
 .text._fini    0x00000000080001b4        0x2 /home/vagrant/RIOT/tests/driver_srf04/bin/octa/newlib_syscalls_default/syscalls.o
                0x00000000080001b4                _fini
 *fill*         0x00000000080001b6        0x2 
 .text._sbrk_r  0x00000000080001b8       0x3c /home/vagrant/RIOT/tests/driver_srf04/bin/octa/newlib_syscalls_default/syscalls.o
                0x00000000080001b8                _sbrk_r
 .text._read_r  0x00000000080001f4        0x8 /home/vagrant/RIOT/tests/driver_srf04/bin/octa/newlib_syscalls_default/syscalls.o
                0x00000000080001f4                _read_r
 .text._write_r
                0x00000000080001fc        0x8 /home/vagrant/RIOT/tests/driver_srf04/bin/octa/newlib_syscalls_default/syscalls.o
                0x00000000080001fc                _write_r
 .text._close_r
                0x0000000008000204        0xa /home/vagrant/RIOT/tests/driver_srf04/bin/octa/newlib_syscalls_default/syscalls.o
                0x0000000008000204                _close_r
 .text._lseek_r
                0x000000000800020e        0xa /home/vagrant/RIOT/tests/driver_srf04/bin/octa/newlib_syscalls_default/syscalls.o
                0x000000000800020e                _lseek_r
 .text._fstat_r
                0x0000000008000218        0xa /home/vagrant/RIOT/tests/driver_srf04/bin/octa/newlib_syscalls_default/syscalls.o
                0x0000000008000218                _fstat_r
 .text._isatty_r
                0x0000000008000222       0x10 /home/vagrant/RIOT/tests/driver_srf04/bin/octa/newlib_syscalls_default/syscalls.o
                0x0000000008000222                _isatty_r
 *fill*         0x0000000008000232        0x2 
 .text.sched_run
                0x0000000008000234       0x64 /home/vagrant/RIOT/tests/driver_srf04/bin/octa/core.a(sched.o)
                0x0000000008000234                sched_run
 .text.sched_set_status
                0x0000000008000298       0x80 /home/vagrant/RIOT/tests/driver_srf04/bin/octa/core.a(sched.o)
                0x0000000008000298                sched_set_status
 .text.sched_switch
                0x0000000008000318       0x30 /home/vagrant/RIOT/tests/driver_srf04/bin/octa/core.a(sched.o)
                0x0000000008000318                sched_switch
 .text.sched_task_exit
                0x0000000008000348       0x3c /home/vagrant/RIOT/tests/driver_srf04/bin/octa/core.a(sched.o)
                0x0000000008000348                sched_task_exit
 .text.thread_stack_init
                0x0000000008000384       0x64 /home/vagrant/RIOT/tests/driver_srf04/bin/octa/cortexm_common.a(thread_arch.o)
                0x0000000008000384                thread_stack_init
 .text.cpu_switch_context_exit
                0x00000000080003e8        0x8 /home/vagrant/RIOT/tests/driver_srf04/bin/octa/cortexm_common.a(thread_arch.o)
                0x00000000080003e8                cpu_switch_context_exit
 .text.thread_yield_higher
                0x00000000080003f0       0x10 /home/vagrant/RIOT/tests/driver_srf04/bin/octa/cortexm_common.a(thread_arch.o)
                0x00000000080003f0                thread_yield_higher
 .text.isr_pendsv
                0x0000000008000400       0x1c /home/vagrant/RIOT/tests/driver_srf04/bin/octa/cortexm_common.a(thread_arch.o)
                0x0000000008000400                isr_pendsv
 .text.isr_svc  0x000000000800041c       0x1c /home/vagrant/RIOT/tests/driver_srf04/bin/octa/cortexm_common.a(thread_arch.o)
                0x000000000800041c                isr_svc
 .text.hard_fault_default
                0x0000000008000438       0x44 /home/vagrant/RIOT/tests/driver_srf04/bin/octa/cortexm_common.a(vectors_cortexm.o)
                0x0000000008000438                hard_fault_default
 .text.nmi_default
                0x000000000800047c       0x10 /home/vagrant/RIOT/tests/driver_srf04/bin/octa/cortexm_common.a(vectors_cortexm.o)
                0x000000000800047c                nmi_default
 .text.mem_manage_default
                0x000000000800048c       0x10 /home/vagrant/RIOT/tests/driver_srf04/bin/octa/cortexm_common.a(vectors_cortexm.o)
                0x000000000800048c                mem_manage_default
 .text.bus_fault_default
                0x000000000800049c       0x10 /home/vagrant/RIOT/tests/driver_srf04/bin/octa/cortexm_common.a(vectors_cortexm.o)
                0x000000000800049c                bus_fault_default
 .text.usage_fault_default
                0x00000000080004ac       0x10 /home/vagrant/RIOT/tests/driver_srf04/bin/octa/cortexm_common.a(vectors_cortexm.o)
                0x00000000080004ac                usage_fault_default
 .text.debug_mon_default
                0x00000000080004bc       0x10 /home/vagrant/RIOT/tests/driver_srf04/bin/octa/cortexm_common.a(vectors_cortexm.o)
                0x00000000080004bc                debug_mon_default
 .text.dummy_handler_default
                0x00000000080004cc       0x10 /home/vagrant/RIOT/tests/driver_srf04/bin/octa/cortexm_common.a(vectors_cortexm.o)
                0x00000000080004cc                dummy_handler_default
                0x00000000080004cc                isr_systick
 .text.pre_startup
                0x00000000080004dc        0x2 /home/vagrant/RIOT/tests/driver_srf04/bin/octa/cortexm_common.a(vectors_cortexm.o)
                0x00000000080004dc                pre_startup
 .text.post_startup
                0x00000000080004de        0x2 /home/vagrant/RIOT/tests/driver_srf04/bin/octa/cortexm_common.a(vectors_cortexm.o)
                0x00000000080004de                post_startup
 .text.reset_handler_default
                0x00000000080004e0       0x6c /home/vagrant/RIOT/tests/driver_srf04/bin/octa/cortexm_common.a(vectors_cortexm.o)
                0x00000000080004e0                reset_handler_default
 .text.hard_fault_handler
                0x000000000800054c      0x184 /home/vagrant/RIOT/tests/driver_srf04/bin/octa/cortexm_common.a(vectors_cortexm.o)
                0x000000000800054c                hard_fault_handler
 .text.irq_disable
                0x00000000080006d0        0x8 /home/vagrant/RIOT/tests/driver_srf04/bin/octa/cortexm_common.a(irq_arch.o)
                0x00000000080006d0                irq_disable
 .text.irq_enable
                0x00000000080006d8        0x8 /home/vagrant/RIOT/tests/driver_srf04/bin/octa/cortexm_common.a(irq_arch.o)
                0x00000000080006d8                irq_enable
 .text.irq_restore
                0x00000000080006e0        0x6 /home/vagrant/RIOT/tests/driver_srf04/bin/octa/cortexm_common.a(irq_arch.o)
                0x00000000080006e0                irq_restore
 .text.irq_is_in
                0x00000000080006e6        0x8 /home/vagrant/RIOT/tests/driver_srf04/bin/octa/cortexm_common.a(irq_arch.o)
                0x00000000080006e6                irq_is_in
 *fill*         0x00000000080006ee        0x2 
 .text.stdio_init
                0x00000000080006f0       0x18 /home/vagrant/RIOT/tests/driver_srf04/bin/octa/stdio_uart.a(stdio_uart.o)
                0x00000000080006f0                stdio_init
 .text.stdio_read
                0x0000000008000708       0x10 /home/vagrant/RIOT/tests/driver_srf04/bin/octa/stdio_uart.a(stdio_uart.o)
                0x0000000008000708                stdio_read
 .text.stdio_write
                0x0000000008000718       0x12 /home/vagrant/RIOT/tests/driver_srf04/bin/octa/stdio_uart.a(stdio_uart.o)
                0x0000000008000718                stdio_write
 *fill*         0x000000000800072a        0x2 
 .text.irq_handler
                0x000000000800072c       0x4c /home/vagrant/RIOT/tests/driver_srf04/bin/octa/stm32_common_periph.a(uart.o)
 .text.uart_write
                0x0000000008000778       0x3c /home/vagrant/RIOT/tests/driver_srf04/bin/octa/stm32_common_periph.a(uart.o)
                0x0000000008000778                uart_write
 .text.uart_poweron
                0x00000000080007b4       0x2c /home/vagrant/RIOT/tests/driver_srf04/bin/octa/stm32_common_periph.a(uart.o)
                0x00000000080007b4                uart_poweron
 .text.uart_init
                0x00000000080007e0       0xbc /home/vagrant/RIOT/tests/driver_srf04/bin/octa/stm32_common_periph.a(uart.o)
                0x00000000080007e0                uart_init
 .text.isr_usart3
                0x000000000800089c        0x6 /home/vagrant/RIOT/tests/driver_srf04/bin/octa/stm32_common_periph.a(uart.o)
                0x000000000800089c                isr_usart3
 .text.isr_uart5
                0x00000000080008a2        0x6 /home/vagrant/RIOT/tests/driver_srf04/bin/octa/stm32_common_periph.a(uart.o)
                0x00000000080008a2                isr_uart5
 .text.gpio_init
                0x00000000080008a8       0x70 /home/vagrant/RIOT/tests/driver_srf04/bin/octa/stm32_common_periph.a(gpio.o)
                0x00000000080008a8                gpio_init
 .text.gpio_init_int
                0x0000000008000918       0xc4 /home/vagrant/RIOT/tests/driver_srf04/bin/octa/stm32_common_periph.a(gpio.o)
                0x0000000008000918                gpio_init_int
 .text.gpio_init_af
                0x00000000080009dc       0x50 /home/vagrant/RIOT/tests/driver_srf04/bin/octa/stm32_common_periph.a(gpio.o)
                0x00000000080009dc                gpio_init_af
 .text.gpio_irq_enable
                0x0000000008000a2c       0x18 /home/vagrant/RIOT/tests/driver_srf04/bin/octa/stm32_common_periph.a(gpio.o)
                0x0000000008000a2c                gpio_irq_enable
 .text.gpio_irq_disable
                0x0000000008000a44       0x1c /home/vagrant/RIOT/tests/driver_srf04/bin/octa/stm32_common_periph.a(gpio.o)
                0x0000000008000a44                gpio_irq_disable
 .text.gpio_set
                0x0000000008000a60       0x12 /home/vagrant/RIOT/tests/driver_srf04/bin/octa/stm32_common_periph.a(gpio.o)
                0x0000000008000a60                gpio_set
 .text.gpio_clear
                0x0000000008000a72       0x14 /home/vagrant/RIOT/tests/driver_srf04/bin/octa/stm32_common_periph.a(gpio.o)
                0x0000000008000a72                gpio_clear
 *fill*         0x0000000008000a86        0x2 
 .text.isr_exti
                0x0000000008000a88       0x50 /home/vagrant/RIOT/tests/driver_srf04/bin/octa/stm32_common_periph.a(gpio.o)
                0x0000000008000a88                isr_exti
 .text._xtimer_lltimer_now
                0x0000000008000ad8        0x6 /home/vagrant/RIOT/tests/driver_srf04/bin/octa/xtimer.a(xtimer_core.o)
 *fill*         0x0000000008000ade        0x2 
 .text._lltimer_set
                0x0000000008000ae0       0x14 /home/vagrant/RIOT/tests/driver_srf04/bin/octa/xtimer.a(xtimer_core.o)
 .text._add_timer_to_long_list.constprop.4
                0x0000000008000af4       0x2c /home/vagrant/RIOT/tests/driver_srf04/bin/octa/xtimer.a(xtimer_core.o)
 .text._next_period
                0x0000000008000b20       0x8c /home/vagrant/RIOT/tests/driver_srf04/bin/octa/xtimer.a(xtimer_core.o)
 .text._periph_timer_callback
                0x0000000008000bac       0xbc /home/vagrant/RIOT/tests/driver_srf04/bin/octa/xtimer.a(xtimer_core.o)
 .text._remove  0x0000000008000c68       0x60 /home/vagrant/RIOT/tests/driver_srf04/bin/octa/xtimer.a(xtimer_core.o)
 .text.xtimer_init
                0x0000000008000cc8       0x24 /home/vagrant/RIOT/tests/driver_srf04/bin/octa/xtimer.a(xtimer_core.o)
                0x0000000008000cc8                xtimer_init
 .text._xtimer_set_absolute
                0x0000000008000cec       0xc0 /home/vagrant/RIOT/tests/driver_srf04/bin/octa/xtimer.a(xtimer_core.o)
                0x0000000008000cec                _xtimer_set_absolute
 .text.xtimer_remove
                0x0000000008000dac       0x22 /home/vagrant/RIOT/tests/driver_srf04/bin/octa/xtimer.a(xtimer_core.o)
                0x0000000008000dac                xtimer_remove
 .text._xtimer_set
                0x0000000008000dce       0x3e /home/vagrant/RIOT/tests/driver_srf04/bin/octa/xtimer.a(xtimer_core.o)
                0x0000000008000dce                _xtimer_set
 .text._xtimer_set64
                0x0000000008000e0c       0x60 /home/vagrant/RIOT/tests/driver_srf04/bin/octa/xtimer.a(xtimer_core.o)
                0x0000000008000e0c                _xtimer_set64
 .text.pm_off   0x0000000008000e6c        0x8 /home/vagrant/RIOT/tests/driver_srf04/bin/octa/periph_common.a(pm.o)
                0x0000000008000e6c                pm_off
 .text.board_init
                0x0000000008000e74       0x44 /home/vagrant/RIOT/tests/driver_srf04/bin/octa/board.a(board.o)
                0x0000000008000e74                board_init
 .text.panic_arch
                0x0000000008000eb8        0x2 /home/vagrant/RIOT/tests/driver_srf04/bin/octa/core.a(panic.o)
                0x0000000008000eb8                panic_arch
 *fill*         0x0000000008000eba        0x2 
 .text.core_panic
                0x0000000008000ebc       0x44 /home/vagrant/RIOT/tests/driver_srf04/bin/octa/core.a(panic.o)
                0x0000000008000ebc                core_panic
 .text.main_trampoline
                0x0000000008000f00       0x18 /home/vagrant/RIOT/tests/driver_srf04/bin/octa/core.a(kernel_init.o)
 .text.idle_thread
                0x0000000008000f18        0x8 /home/vagrant/RIOT/tests/driver_srf04/bin/octa/core.a(kernel_init.o)
 .text.kernel_init
                0x0000000008000f20       0x58 /home/vagrant/RIOT/tests/driver_srf04/bin/octa/core.a(kernel_init.o)
                0x0000000008000f20                kernel_init
 .text.thread_add_to_list
                0x0000000008000f78       0x30 /home/vagrant/RIOT/tests/driver_srf04/bin/octa/core.a(thread.o)
                0x0000000008000f78                thread_add_to_list
 .text.thread_create
                0x0000000008000fa8       0xec /home/vagrant/RIOT/tests/driver_srf04/bin/octa/core.a(thread.o)
                0x0000000008000fa8                thread_create
 .text.pm_set_lowest
                0x0000000008001094       0x24 /home/vagrant/RIOT/tests/driver_srf04/bin/octa/cortexm_common_periph.a(pm.o)
                0x0000000008001094                pm_set_lowest
 .text.isrpipe_write_one
                0x00000000080010b8       0x16 /home/vagrant/RIOT/tests/driver_srf04/bin/octa/isrpipe.a(isrpipe.o)
                0x00000000080010b8                isrpipe_write_one
 .text.isrpipe_read
                0x00000000080010ce       0x24 /home/vagrant/RIOT/tests/driver_srf04/bin/octa/isrpipe.a(isrpipe.o)
                0x00000000080010ce                isrpipe_read
 .text.cpu_init
                0x00000000080010f2       0x1c /home/vagrant/RIOT/tests/driver_srf04/bin/octa/stm32_common.a(cpu_init.o)
                0x00000000080010f2                cpu_init
 *fill*         0x000000000800110e        0x2 
 .text.periph_apb_clk
                0x0000000008001110       0x18 /home/vagrant/RIOT/tests/driver_srf04/bin/octa/stm32_common.a(cpu_common.o)
                0x0000000008001110                periph_apb_clk
 .text.periph_timer_clk
                0x0000000008001128       0x20 /home/vagrant/RIOT/tests/driver_srf04/bin/octa/stm32_common.a(cpu_common.o)
                0x0000000008001128                periph_timer_clk
 .text.periph_clk_en
                0x0000000008001148       0x48 /home/vagrant/RIOT/tests/driver_srf04/bin/octa/stm32_common.a(cpu_common.o)
                0x0000000008001148                periph_clk_en
 .text.irq_handler
                0x0000000008001190       0x5c /home/vagrant/RIOT/tests/driver_srf04/bin/octa/stm32_common_periph.a(timer.o)
 .text.timer_set_absolute
                0x00000000080011ec       0x40 /home/vagrant/RIOT/tests/driver_srf04/bin/octa/stm32_common_periph.a(timer.o)
                0x00000000080011ec                timer_set_absolute
 .text.timer_read
                0x000000000800122c       0x10 /home/vagrant/RIOT/tests/driver_srf04/bin/octa/stm32_common_periph.a(timer.o)
                0x000000000800122c                timer_read
 .text.timer_start
                0x000000000800123c       0x14 /home/vagrant/RIOT/tests/driver_srf04/bin/octa/stm32_common_periph.a(timer.o)
                0x000000000800123c                timer_start
 .text.timer_init
                0x0000000008001250       0x80 /home/vagrant/RIOT/tests/driver_srf04/bin/octa/stm32_common_periph.a(timer.o)
                0x0000000008001250                timer_init
 .text.isr_tim2
                0x00000000080012d0        0x6 /home/vagrant/RIOT/tests/driver_srf04/bin/octa/stm32_common_periph.a(timer.o)
                0x00000000080012d0                isr_tim2
 .text.isr_tim5
                0x00000000080012d6        0x6 /home/vagrant/RIOT/tests/driver_srf04/bin/octa/stm32_common_periph.a(timer.o)
                0x00000000080012d6                isr_tim5
 .text._pop     0x00000000080012dc       0x12 /home/vagrant/RIOT/tests/driver_srf04/bin/octa/tsrb.a(tsrb.o)
 .text.tsrb_get
                0x00000000080012ee       0x26 /home/vagrant/RIOT/tests/driver_srf04/bin/octa/tsrb.a(tsrb.o)
                0x00000000080012ee                tsrb_get
 .text.tsrb_add_one
                0x0000000008001314       0x26 /home/vagrant/RIOT/tests/driver_srf04/bin/octa/tsrb.a(tsrb.o)
                0x0000000008001314                tsrb_add_one
 .text.periph_init
                0x000000000800133a        0x2 /home/vagrant/RIOT/tests/driver_srf04/bin/octa/periph_common.a(init.o)
                0x000000000800133a                periph_init
 .text.startup.main
                0x000000000800133c       0x58 /home/vagrant/RIOT/tests/driver_srf04/bin/octa/application_tests_driver_srf04.a(main.o)
                0x000000000800133c                main
 .text.auto_init
                0x0000000008001394        0x4 /home/vagrant/RIOT/tests/driver_srf04/bin/octa/auto_init.a(auto_init.o)
                0x0000000008001394                auto_init
 .text._mutex_lock
                0x0000000008001398       0x60 /home/vagrant/RIOT/tests/driver_srf04/bin/octa/core.a(mutex.o)
                0x0000000008001398                _mutex_lock
 .text.mutex_unlock
                0x00000000080013f8       0x4c /home/vagrant/RIOT/tests/driver_srf04/bin/octa/core.a(mutex.o)
                0x00000000080013f8                mutex_unlock
 .text.cortexm_init
                0x0000000008001444       0x4c /home/vagrant/RIOT/tests/driver_srf04/bin/octa/cortexm_common.a(cortexm_init.o)
                0x0000000008001444                cortexm_init
 .text.stmclk_init_sysclk
                0x0000000008001490       0x84 /home/vagrant/RIOT/tests/driver_srf04/bin/octa/cpu.a(stmclk.o)
                0x0000000008001490                stmclk_init_sysclk
 .text._cb      0x0000000008001514       0x2a /home/vagrant/RIOT/tests/driver_srf04/bin/octa/srf04.a(srf04.o)
 *fill*         0x000000000800153e        0x2 
 .text.srf04_init
                0x0000000008001540       0x54 /home/vagrant/RIOT/tests/driver_srf04/bin/octa/srf04.a(srf04.o)
                0x0000000008001540                srf04_init
 .text.srf04_trigger
                0x0000000008001594       0x2a /home/vagrant/RIOT/tests/driver_srf04/bin/octa/srf04.a(srf04.o)
                0x0000000008001594                srf04_trigger
 .text.srf04_get_distance
                0x00000000080015be       0x36 /home/vagrant/RIOT/tests/driver_srf04/bin/octa/srf04.a(srf04.o)
                0x00000000080015be                srf04_get_distance
 .text.stmclk_enable_hsi
                0x00000000080015f4       0x18 /home/vagrant/RIOT/tests/driver_srf04/bin/octa/stm32_common.a(stmclk_common.o)
                0x00000000080015f4                stmclk_enable_hsi
 .text.stmclk_disable_hsi
                0x000000000800160c        0x2 /home/vagrant/RIOT/tests/driver_srf04/bin/octa/stm32_common.a(stmclk_common.o)
                0x000000000800160c                stmclk_disable_hsi
 .text._callback_unlock_mutex
                0x000000000800160e        0x4 /home/vagrant/RIOT/tests/driver_srf04/bin/octa/xtimer.a(xtimer.o)
 .text._xtimer_spin
                0x0000000008001612       0x1a /home/vagrant/RIOT/tests/driver_srf04/bin/octa/xtimer.a(xtimer.o)
 .text._xtimer_tsleep
                0x000000000800162c       0x54 /home/vagrant/RIOT/tests/driver_srf04/bin/octa/xtimer.a(xtimer.o)
                0x000000000800162c                _xtimer_tsleep
 .text.__libc_init_array
                0x0000000008001680       0x48 /home/vagrant/gcc-arm-none-eabi-7-2018-q2-update/bin/../lib/gcc/arm-none-eabi/7.3.1/../../../../arm-none-eabi/lib/thumb/v7e-m/libc_nano.a(lib_a-init.o)
                0x0000000008001680                __libc_init_array
 .text.printf   0x00000000080016c8       0x30 /home/vagrant/gcc-arm-none-eabi-7-2018-q2-update/bin/../lib/gcc/arm-none-eabi/7.3.1/../../../../arm-none-eabi/lib/thumb/v7e-m/libc_nano.a(lib_a-printf.o)
                0x00000000080016c8                printf
                0x00000000080016c8                iprintf
 .text._puts_r  0x00000000080016f8       0xb8 /home/vagrant/gcc-arm-none-eabi-7-2018-q2-update/bin/../lib/gcc/arm-none-eabi/7.3.1/../../../../arm-none-eabi/lib/thumb/v7e-m/libc_nano.a(lib_a-puts.o)
                0x00000000080016f8                _puts_r
 .text.puts     0x00000000080017b0       0x10 /home/vagrant/gcc-arm-none-eabi-7-2018-q2-update/bin/../lib/gcc/arm-none-eabi/7.3.1/../../../../arm-none-eabi/lib/thumb/v7e-m/libc_nano.a(lib_a-puts.o)
                0x00000000080017b0                puts
 .text.__swbuf_r
                0x00000000080017c0       0xa4 /home/vagrant/gcc-arm-none-eabi-7-2018-q2-update/bin/../lib/gcc/arm-none-eabi/7.3.1/../../../../arm-none-eabi/lib/thumb/v7e-m/libc_nano.a(lib_a-wbuf.o)
                0x00000000080017c0                __swbuf_r
 .text.__swsetup_r
                0x0000000008001864       0xdc /home/vagrant/gcc-arm-none-eabi-7-2018-q2-update/bin/../lib/gcc/arm-none-eabi/7.3.1/../../../../arm-none-eabi/lib/thumb/v7e-m/libc_nano.a(lib_a-wsetup.o)
                0x0000000008001864                __swsetup_r
 .text.__sflush_r
                0x0000000008001940      0x10c /home/vagrant/gcc-arm-none-eabi-7-2018-q2-update/bin/../lib/gcc/arm-none-eabi/7.3.1/../../../../arm-none-eabi/lib/thumb/v7e-m/libc_nano.a(lib_a-fflush.o)
                0x0000000008001940                __sflush_r
 .text._fflush_r
                0x0000000008001a4c       0x54 /home/vagrant/gcc-arm-none-eabi-7-2018-q2-update/bin/../lib/gcc/arm-none-eabi/7.3.1/../../../../arm-none-eabi/lib/thumb/v7e-m/libc_nano.a(lib_a-fflush.o)
                0x0000000008001a4c                _fflush_r
 .text.std      0x0000000008001aa0       0x48 /home/vagrant/gcc-arm-none-eabi-7-2018-q2-update/bin/../lib/gcc/arm-none-eabi/7.3.1/../../../../arm-none-eabi/lib/thumb/v7e-m/libc_nano.a(lib_a-findfp.o)
 .text._cleanup_r
                0x0000000008001ae8        0xc /home/vagrant/gcc-arm-none-eabi-7-2018-q2-update/bin/../lib/gcc/arm-none-eabi/7.3.1/../../../../arm-none-eabi/lib/thumb/v7e-m/libc_nano.a(lib_a-findfp.o)
                0x0000000008001ae8                _cleanup_r
 .text.__sfmoreglue
                0x0000000008001af4       0x2c /home/vagrant/gcc-arm-none-eabi-7-2018-q2-update/bin/../lib/gcc/arm-none-eabi/7.3.1/../../../../arm-none-eabi/lib/thumb/v7e-m/libc_nano.a(lib_a-findfp.o)
                0x0000000008001af4                __sfmoreglue
 .text.__sinit  0x0000000008001b20       0x60 /home/vagrant/gcc-arm-none-eabi-7-2018-q2-update/bin/../lib/gcc/arm-none-eabi/7.3.1/../../../../arm-none-eabi/lib/thumb/v7e-m/libc_nano.a(lib_a-findfp.o)
                0x0000000008001b20                __sinit
 .text.__sfp    0x0000000008001b80       0x78 /home/vagrant/gcc-arm-none-eabi-7-2018-q2-update/bin/../lib/gcc/arm-none-eabi/7.3.1/../../../../arm-none-eabi/lib/thumb/v7e-m/libc_nano.a(lib_a-findfp.o)
                0x0000000008001b80                __sfp
 .text._fwalk_reent
                0x0000000008001bf8       0x3c /home/vagrant/gcc-arm-none-eabi-7-2018-q2-update/bin/../lib/gcc/arm-none-eabi/7.3.1/../../../../arm-none-eabi/lib/thumb/v7e-m/libc_nano.a(lib_a-fwalk.o)
                0x0000000008001bf8                _fwalk_reent
 .text.__swhatbuf_r
                0x0000000008001c34       0x48 /home/vagrant/gcc-arm-none-eabi-7-2018-q2-update/bin/../lib/gcc/arm-none-eabi/7.3.1/../../../../arm-none-eabi/lib/thumb/v7e-m/libc_nano.a(lib_a-makebuf.o)
                0x0000000008001c34                __swhatbuf_r
 .text.__smakebuf_r
                0x0000000008001c7c       0x80 /home/vagrant/gcc-arm-none-eabi-7-2018-q2-update/bin/../lib/gcc/arm-none-eabi/7.3.1/../../../../arm-none-eabi/lib/thumb/v7e-m/libc_nano.a(lib_a-makebuf.o)
                0x0000000008001c7c                __smakebuf_r
 .text.memset   0x0000000008001cfc       0x10 /home/vagrant/gcc-arm-none-eabi-7-2018-q2-update/bin/../lib/gcc/arm-none-eabi/7.3.1/../../../../arm-none-eabi/lib/thumb/v7e-m/libc_nano.a(lib_a-memset.o)
                0x0000000008001cfc                memset
 .text._free_r  0x0000000008001d0c       0x9c /home/vagrant/gcc-arm-none-eabi-7-2018-q2-update/bin/../lib/gcc/arm-none-eabi/7.3.1/../../../../arm-none-eabi/lib/thumb/v7e-m/libc_nano.a(lib_a-nano-freer.o)
                0x0000000008001d0c                _free_r
 .text._malloc_r
                0x0000000008001da8       0xb4 /home/vagrant/gcc-arm-none-eabi-7-2018-q2-update/bin/../lib/gcc/arm-none-eabi/7.3.1/../../../../arm-none-eabi/lib/thumb/v7e-m/libc_nano.a(lib_a-nano-mallocr.o)
                0x0000000008001da8                _malloc_r
 .text.__sfputc_r
                0x0000000008001e5c       0x2a /home/vagrant/gcc-arm-none-eabi-7-2018-q2-update/bin/../lib/gcc/arm-none-eabi/7.3.1/../../../../arm-none-eabi/lib/thumb/v7e-m/libc_nano.a(lib_a-nano-vfprintf.o)
 .text.__sfputs_r
                0x0000000008001e86       0x24 /home/vagrant/gcc-arm-none-eabi-7-2018-q2-update/bin/../lib/gcc/arm-none-eabi/7.3.1/../../../../arm-none-eabi/lib/thumb/v7e-m/libc_nano.a(lib_a-nano-vfprintf.o)
                0x0000000008001e86                __sfputs_r
 *fill*         0x0000000008001eaa        0x2 
 .text._vfprintf_r
                0x0000000008001eac      0x22c /home/vagrant/gcc-arm-none-eabi-7-2018-q2-update/bin/../lib/gcc/arm-none-eabi/7.3.1/../../../../arm-none-eabi/lib/thumb/v7e-m/libc_nano.a(lib_a-nano-vfprintf.o)
                0x0000000008001eac                _vfiprintf_r
                0x0000000008001eac                _vfprintf_r
 .text._printf_common
                0x00000000080020d8       0xea /home/vagrant/gcc-arm-none-eabi-7-2018-q2-update/bin/../lib/gcc/arm-none-eabi/7.3.1/../../../../arm-none-eabi/lib/thumb/v7e-m/libc_nano.a(lib_a-nano-vfprintf_i.o)
                0x00000000080020d8                _printf_common
 *fill*         0x00000000080021c2        0x2 
 .text._printf_i
                0x00000000080021c4      0x224 /home/vagrant/gcc-arm-none-eabi-7-2018-q2-update/bin/../lib/gcc/arm-none-eabi/7.3.1/../../../../arm-none-eabi/lib/thumb/v7e-m/libc_nano.a(lib_a-nano-vfprintf_i.o)
                0x00000000080021c4                _printf_i
 .text.__sread  0x00000000080023e8       0x22 /home/vagrant/gcc-arm-none-eabi-7-2018-q2-update/bin/../lib/gcc/arm-none-eabi/7.3.1/../../../../arm-none-eabi/lib/thumb/v7e-m/libc_nano.a(lib_a-stdio.o)
                0x00000000080023e8                __sread
 .text.__swrite
                0x000000000800240a       0x38 /home/vagrant/gcc-arm-none-eabi-7-2018-q2-update/bin/../lib/gcc/arm-none-eabi/7.3.1/../../../../arm-none-eabi/lib/thumb/v7e-m/libc_nano.a(lib_a-stdio.o)
                0x000000000800240a                __swrite
 .text.__sseek  0x0000000008002442       0x24 /home/vagrant/gcc-arm-none-eabi-7-2018-q2-update/bin/../lib/gcc/arm-none-eabi/7.3.1/../../../../arm-none-eabi/lib/thumb/v7e-m/libc_nano.a(lib_a-stdio.o)
                0x0000000008002442                __sseek
 .text.__sclose
                0x0000000008002466        0x8 /home/vagrant/gcc-arm-none-eabi-7-2018-q2-update/bin/../lib/gcc/arm-none-eabi/7.3.1/../../../../arm-none-eabi/lib/thumb/v7e-m/libc_nano.a(lib_a-stdio.o)
                0x0000000008002466                __sclose
 *fill*         0x000000000800246e        0x2 
 .text          0x0000000008002470       0xa0 /home/vagrant/gcc-arm-none-eabi-7-2018-q2-update/bin/../lib/gcc/arm-none-eabi/7.3.1/../../../../arm-none-eabi/lib/thumb/v7e-m/libc_nano.a(lib_a-memchr.o)
                0x0000000008002470                memchr
 .text.__malloc_lock
                0x0000000008002510        0x2 /home/vagrant/gcc-arm-none-eabi-7-2018-q2-update/bin/../lib/gcc/arm-none-eabi/7.3.1/../../../../arm-none-eabi/lib/thumb/v7e-m/libc_nano.a(lib_a-mlock.o)
                0x0000000008002510                __malloc_lock
 .text.__malloc_unlock
                0x0000000008002512        0x2 /home/vagrant/gcc-arm-none-eabi-7-2018-q2-update/bin/../lib/gcc/arm-none-eabi/7.3.1/../../../../arm-none-eabi/lib/thumb/v7e-m/libc_nano.a(lib_a-mlock.o)
                0x0000000008002512                __malloc_unlock
 *(.glue_7t)
 .glue_7t       0x0000000008002514        0x0 linker stubs
 *(.glue_7)
 .glue_7        0x0000000008002514        0x0 linker stubs
 *(.rodata .rodata* .gnu.linkonce.r.*)
 .rodata.bus_fault_default.str1.1
                0x0000000008002514       0x12 /home/vagrant/RIOT/tests/driver_srf04/bin/octa/cortexm_common.a(vectors_cortexm.o)
 .rodata.debug_mon_default.str1.1
                0x0000000008002526       0x12 /home/vagrant/RIOT/tests/driver_srf04/bin/octa/cortexm_common.a(vectors_cortexm.o)
 .rodata.dummy_handler_default.str1.1
                0x0000000008002538        0xe /home/vagrant/RIOT/tests/driver_srf04/bin/octa/cortexm_common.a(vectors_cortexm.o)
 .rodata.hard_fault_handler.str1.1
                0x0000000008002546      0x1f4 /home/vagrant/RIOT/tests/driver_srf04/bin/octa/cortexm_common.a(vectors_cortexm.o)
 .rodata.mem_manage_default.str1.1
                0x000000000800273a       0x13 /home/vagrant/RIOT/tests/driver_srf04/bin/octa/cortexm_common.a(vectors_cortexm.o)
 .rodata.nmi_default.str1.1
                0x000000000800274d        0xc /home/vagrant/RIOT/tests/driver_srf04/bin/octa/cortexm_common.a(vectors_cortexm.o)
 .rodata.usage_fault_default.str1.1
                0x0000000008002759       0x14 /home/vagrant/RIOT/tests/driver_srf04/bin/octa/cortexm_common.a(vectors_cortexm.o)
 *fill*         0x000000000800276d        0x3 
 .rodata.uart_config
                0x0000000008002770       0x28 /home/vagrant/RIOT/tests/driver_srf04/bin/octa/stm32_common_periph.a(uart.o)
 .rodata.assert_crash_message
                0x0000000008002798       0x12 /home/vagrant/RIOT/tests/driver_srf04/bin/octa/core.a(panic.o)
                0x0000000008002798                assert_crash_message
 .rodata.core_panic.str1.1
                0x00000000080027aa       0x2e /home/vagrant/RIOT/tests/driver_srf04/bin/octa/core.a(panic.o)
 .rodata.main_trampoline.str1.1
                0x00000000080027d8       0x49 /home/vagrant/RIOT/tests/driver_srf04/bin/octa/core.a(kernel_init.o)
 .rodata.str1.1
                0x0000000008002821        0xa /home/vagrant/RIOT/tests/driver_srf04/bin/octa/core.a(kernel_init.o)
 .rodata.apbmul
                0x000000000800282b        0x2 /home/vagrant/RIOT/tests/driver_srf04/bin/octa/stm32_common.a(cpu_common.o)
 *fill*         0x000000000800282d        0x3 
 .rodata.timer_config
                0x0000000008002830       0x20 /home/vagrant/RIOT/tests/driver_srf04/bin/octa/stm32_common_periph.a(timer.o)
 .rodata.main.str1.1
                0x0000000008002850       0x58 /home/vagrant/RIOT/tests/driver_srf04/bin/octa/application_tests_driver_srf04.a(main.o)
 .rodata.srf04_params
                0x00000000080028a8        0xc /home/vagrant/RIOT/tests/driver_srf04/bin/octa/application_tests_driver_srf04.a(main.o)
 .rodata._global_impure_ptr
                0x00000000080028b4        0x4 /home/vagrant/gcc-arm-none-eabi-7-2018-q2-update/bin/../lib/gcc/arm-none-eabi/7.3.1/../../../../arm-none-eabi/lib/thumb/v7e-m/libc_nano.a(lib_a-impure.o)
                0x00000000080028b4                _global_impure_ptr
 .rodata.__sf_fake_stderr
                0x00000000080028b8       0x20 /home/vagrant/gcc-arm-none-eabi-7-2018-q2-update/bin/../lib/gcc/arm-none-eabi/7.3.1/../../../../arm-none-eabi/lib/thumb/v7e-m/libc_nano.a(lib_a-findfp.o)
                0x00000000080028b8                __sf_fake_stderr
 .rodata.__sf_fake_stdin
                0x00000000080028d8       0x20 /home/vagrant/gcc-arm-none-eabi-7-2018-q2-update/bin/../lib/gcc/arm-none-eabi/7.3.1/../../../../arm-none-eabi/lib/thumb/v7e-m/libc_nano.a(lib_a-findfp.o)
                0x00000000080028d8                __sf_fake_stdin
 .rodata.__sf_fake_stdout
                0x00000000080028f8       0x20 /home/vagrant/gcc-arm-none-eabi-7-2018-q2-update/bin/../lib/gcc/arm-none-eabi/7.3.1/../../../../arm-none-eabi/lib/thumb/v7e-m/libc_nano.a(lib_a-findfp.o)
                0x00000000080028f8                __sf_fake_stdout
 .rodata._vfprintf_r.str1.1
                0x0000000008002918       0x11 /home/vagrant/gcc-arm-none-eabi-7-2018-q2-update/bin/../lib/gcc/arm-none-eabi/7.3.1/../../../../arm-none-eabi/lib/thumb/v7e-m/libc_nano.a(lib_a-nano-vfprintf.o)
 .rodata._printf_i.str1.1
                0x0000000008002929       0x22 /home/vagrant/gcc-arm-none-eabi-7-2018-q2-update/bin/../lib/gcc/arm-none-eabi/7.3.1/../../../../arm-none-eabi/lib/thumb/v7e-m/libc_nano.a(lib_a-nano-vfprintf_i.o)
 *(.ARM.extab* .gnu.linkonce.armextab.*)
                0x000000000800294c                . = ALIGN (0x4)
 *fill*         0x000000000800294b        0x1 
 *(.init)
                0x000000000800294c                . = ALIGN (0x4)
                0x000000000800294c                __preinit_array_start = .
 *(.preinit_array)
                0x000000000800294c                __preinit_array_end = .
                0x000000000800294c                . = ALIGN (0x4)
                0x000000000800294c                __init_array_start = .
 *(SORT_BY_NAME(.init_array.*))
 *(.init_array)
                0x000000000800294c                __init_array_end = .
                0x000000000800294c                . = ALIGN (0x4)
 *crtbegin.o(.ctors)
 *(EXCLUDE_FILE(*crtend.o) .ctors)
 *(SORT_BY_NAME(.ctors.*))
 *crtend.o(.ctors)
                0x000000000800294c                . = ALIGN (0x4)
 *(.fini)
                0x000000000800294c                . = ALIGN (0x4)
                0x000000000800294c                __fini_array_start = .
 *(.fini_array)
 *(SORT_BY_NAME(.fini_array.*))
                0x000000000800294c                __fini_array_end = .
 *crtbegin.o(.dtors)
 *(EXCLUDE_FILE(*crtend.o) .dtors)
 *(SORT_BY_NAME(.dtors.*))
 *crtend.o(.dtors)
                0x000000000800294c                . = ALIGN (0x4)
                0x000000000800294c                _efixed = .
                [!provide]                        PROVIDE (__exidx_start = .)

.vfp11_veneer   0x000000000800294c        0x0
 .vfp11_veneer  0x000000000800294c        0x0 linker stubs

.v4_bx          0x000000000800294c        0x0
 .v4_bx         0x000000000800294c        0x0 linker stubs

.iplt           0x000000000800294c        0x0
 .iplt          0x000000000800294c        0x0 /home/vagrant/RIOT/tests/driver_srf04/bin/octa/cpu/vectors.o

.igot.plt       0x000000000800294c        0x0
 .igot.plt      0x000000000800294c        0x0 /home/vagrant/RIOT/tests/driver_srf04/bin/octa/cpu/vectors.o

.rel.dyn        0x000000000800294c        0x0
 .rel.iplt      0x000000000800294c        0x0 /home/vagrant/RIOT/tests/driver_srf04/bin/octa/cpu/vectors.o

.ARM.exidx
 *(.ARM.exidx* .gnu.linkonce.armexidx.*)
                [!provide]                        PROVIDE (__exidx_end = .)
                0x000000000800294c                . = ALIGN (0x4)

.eh_frame
 *(.eh_frame)
                0x000000000800294c                . = ALIGN (0x4)
                0x000000000800294c                _etext = .

.stack          0x0000000020000000      0x200
 *(.puf)
                0x0000000020000000                . = ALIGN (0x8)
                0x0000000020000000                _sstack = .
 *(.isr_stack)
 .isr_stack     0x0000000020000000      0x200 /home/vagrant/RIOT/tests/driver_srf04/bin/octa/cortexm_common.a(vectors_cortexm.o)
                0x0000000020000000                isr_stack
                0x0000000020000200                . = ALIGN (0x8)
                0x0000000020000200                _estack = .

.relocate       0x0000000020000200       0x88 load address 0x000000000800294c
                0x0000000020000200                . = ALIGN (0x4)
                0x0000000020000200                _srelocate = .
 *(.ramfunc .ramfunc.*)
 *(.data .data.*)
 .data.heap_top
                0x0000000020000200        0x4 /home/vagrant/RIOT/tests/driver_srf04/bin/octa/newlib_syscalls_default/syscalls.o
                0x0000000020000200                heap_top
 .data.stdio_uart_isrpipe
                0x0000000020000204       0x14 /home/vagrant/RIOT/tests/driver_srf04/bin/octa/stdio_uart.a(stdio_uart.o)
                0x0000000020000204                stdio_uart_isrpipe
 .data.idle_name
                0x0000000020000218        0x4 /home/vagrant/RIOT/tests/driver_srf04/bin/octa/core.a(kernel_init.o)
                0x0000000020000218                idle_name
 .data.main_name
                0x000000002000021c        0x4 /home/vagrant/RIOT/tests/driver_srf04/bin/octa/core.a(kernel_init.o)
                0x000000002000021c                main_name
 .data._impure_ptr
                0x0000000020000220        0x4 /home/vagrant/gcc-arm-none-eabi-7-2018-q2-update/bin/../lib/gcc/arm-none-eabi/7.3.1/../../../../arm-none-eabi/lib/thumb/v7e-m/libc_nano.a(lib_a-impure.o)
                0x0000000020000220                _impure_ptr
 .data.impure_data
                0x0000000020000224       0x60 /home/vagrant/gcc-arm-none-eabi-7-2018-q2-update/bin/../lib/gcc/arm-none-eabi/7.3.1/../../../../arm-none-eabi/lib/thumb/v7e-m/libc_nano.a(lib_a-impure.o)
 *(.openocd .openocd.*)
 .openocd       0x0000000020000284        0x2 /home/vagrant/RIOT/tests/driver_srf04/bin/octa/core.a(sched.o)
                0x0000000020000284                _tcb_name_offset
                0x0000000020000285                max_threads
                0x0000000020000288                . = ALIGN (0x4)
 *fill*         0x0000000020000286        0x2 
                0x0000000020000288                _erelocate = .

.bss            0x0000000020000288      0x8d8 load address 0x00000000080029d4
                0x0000000020000288                . = ALIGN (0x4)
                0x0000000020000288                _sbss = .
                0x0000000020000288                _szero = .
 *(.bss .bss.*)
 .bss.runqueue_bitcache
                0x0000000020000288        0x4 /home/vagrant/RIOT/tests/driver_srf04/bin/octa/core.a(sched.o)
 .bss.sched_active_pid
                0x000000002000028c        0x2 /home/vagrant/RIOT/tests/driver_srf04/bin/octa/core.a(sched.o)
                0x000000002000028c                sched_active_pid
 *fill*         0x000000002000028e        0x2 
 .bss.sched_active_thread
                0x0000000020000290        0x4 /home/vagrant/RIOT/tests/driver_srf04/bin/octa/core.a(sched.o)
                0x0000000020000290                sched_active_thread
 .bss.sched_context_switch_request
                0x0000000020000294        0x4 /home/vagrant/RIOT/tests/driver_srf04/bin/octa/core.a(sched.o)
                0x0000000020000294                sched_context_switch_request
 .bss.sched_num_threads
                0x0000000020000298        0x4 /home/vagrant/RIOT/tests/driver_srf04/bin/octa/core.a(sched.o)
                0x0000000020000298                sched_num_threads
 .bss.sched_runqueues
                0x000000002000029c       0x40 /home/vagrant/RIOT/tests/driver_srf04/bin/octa/core.a(sched.o)
                0x000000002000029c                sched_runqueues
 .bss.sched_threads
                0x00000000200002dc       0x84 /home/vagrant/RIOT/tests/driver_srf04/bin/octa/core.a(sched.o)
                0x00000000200002dc                sched_threads
 .bss._rx_buf_mem
                0x0000000020000360       0x40 /home/vagrant/RIOT/tests/driver_srf04/bin/octa/stdio_uart.a(stdio_uart.o)
 .bss.isr_ctx   0x00000000200003a0       0x10 /home/vagrant/RIOT/tests/driver_srf04/bin/octa/stm32_common_periph.a(uart.o)
 .bss.isr_ctx   0x00000000200003b0       0x80 /home/vagrant/RIOT/tests/driver_srf04/bin/octa/stm32_common_periph.a(gpio.o)
 .bss._in_handler
                0x0000000020000430        0x4 /home/vagrant/RIOT/tests/driver_srf04/bin/octa/xtimer.a(xtimer_core.o)
 .bss._long_cnt
                0x0000000020000434        0x4 /home/vagrant/RIOT/tests/driver_srf04/bin/octa/xtimer.a(xtimer_core.o)
 .bss.long_list_head
                0x0000000020000438        0x4 /home/vagrant/RIOT/tests/driver_srf04/bin/octa/xtimer.a(xtimer_core.o)
 .bss.overflow_list_head
                0x000000002000043c        0x4 /home/vagrant/RIOT/tests/driver_srf04/bin/octa/xtimer.a(xtimer_core.o)
 .bss.timer_list_head
                0x0000000020000440        0x4 /home/vagrant/RIOT/tests/driver_srf04/bin/octa/xtimer.a(xtimer_core.o)
 .bss.crashed   0x0000000020000444        0x4 /home/vagrant/RIOT/tests/driver_srf04/bin/octa/core.a(panic.o)
 .bss.idle_stack
                0x0000000020000448      0x100 /home/vagrant/RIOT/tests/driver_srf04/bin/octa/core.a(kernel_init.o)
 .bss.main_stack
                0x0000000020000548      0x600 /home/vagrant/RIOT/tests/driver_srf04/bin/octa/core.a(kernel_init.o)
 .bss.isr_ctx   0x0000000020000b48       0x10 /home/vagrant/RIOT/tests/driver_srf04/bin/octa/stm32_common_periph.a(timer.o)
 .bss.__malloc_free_list
                0x0000000020000b58        0x4 /home/vagrant/gcc-arm-none-eabi-7-2018-q2-update/bin/../lib/gcc/arm-none-eabi/7.3.1/../../../../arm-none-eabi/lib/thumb/v7e-m/libc_nano.a(lib_a-nano-mallocr.o)
                0x0000000020000b58                __malloc_free_list
 .bss.__malloc_sbrk_start
                0x0000000020000b5c        0x4 /home/vagrant/gcc-arm-none-eabi-7-2018-q2-update/bin/../lib/gcc/arm-none-eabi/7.3.1/../../../../arm-none-eabi/lib/thumb/v7e-m/libc_nano.a(lib_a-nano-mallocr.o)
                0x0000000020000b5c                __malloc_sbrk_start
 *(COMMON)
                0x0000000020000b60                . = ALIGN (0x4)
                0x0000000020000b60                _ebss = .
                0x0000000020000b60                _ezero = .
                0x0000000020000b60                . = ALIGN (0x4)
                0x0000000020000b60                _sheap = .
                0x0000000020050000                _eheap = (ORIGIN (ram) + LENGTH (ram))
                0x0000000020000000                _sram = ORIGIN (ram)
                0x0000000020050000                _eram = (ORIGIN (ram) + LENGTH (ram))
OUTPUT(/home/vagrant/RIOT/tests/driver_srf04/bin/octa/tests_driver_srf04.elf elf32-littlearm)

.debug_info     0x0000000000000000    0x241d3
 .debug_info    0x0000000000000000      0x35e /home/vagrant/RIOT/tests/driver_srf04/bin/octa/cpu/vectors.o
 .debug_info    0x000000000000035e     0x1dd6 /home/vagrant/RIOT/tests/driver_srf04/bin/octa/newlib_syscalls_default/syscalls.o
 .debug_info    0x0000000000002134      0xde1 /home/vagrant/RIOT/tests/driver_srf04/bin/octa/core.a(sched.o)
 .debug_info    0x0000000000002f15      0xf7b /home/vagrant/RIOT/tests/driver_srf04/bin/octa/cortexm_common.a(thread_arch.o)
 .debug_info    0x0000000000003e90     0x1c4c /home/vagrant/RIOT/tests/driver_srf04/bin/octa/cortexm_common.a(vectors_cortexm.o)
 .debug_info    0x0000000000005adc      0xc88 /home/vagrant/RIOT/tests/driver_srf04/bin/octa/cortexm_common.a(irq_arch.o)
 .debug_info    0x0000000000006764     0x15e1 /home/vagrant/RIOT/tests/driver_srf04/bin/octa/stdio_uart.a(stdio_uart.o)
 .debug_info    0x0000000000007d45     0x1d34 /home/vagrant/RIOT/tests/driver_srf04/bin/octa/stm32_common_periph.a(uart.o)
 .debug_info    0x0000000000009a79     0x2027 /home/vagrant/RIOT/tests/driver_srf04/bin/octa/stm32_common_periph.a(gpio.o)
 .debug_info    0x000000000000baa0     0x2039 /home/vagrant/RIOT/tests/driver_srf04/bin/octa/xtimer.a(xtimer_core.o)
 .debug_info    0x000000000000dad9      0xb3e /home/vagrant/RIOT/tests/driver_srf04/bin/octa/periph_common.a(pm.o)
 .debug_info    0x000000000000e617     0x1525 /home/vagrant/RIOT/tests/driver_srf04/bin/octa/board.a(board.o)
 .debug_info    0x000000000000fb3c      0xcd8 /home/vagrant/RIOT/tests/driver_srf04/bin/octa/core.a(panic.o)
 .debug_info    0x0000000000010814      0xd42 /home/vagrant/RIOT/tests/driver_srf04/bin/octa/core.a(kernel_init.o)
 .debug_info    0x0000000000011556     0x119f /home/vagrant/RIOT/tests/driver_srf04/bin/octa/core.a(thread.o)
 .debug_info    0x00000000000126f5      0xddb /home/vagrant/RIOT/tests/driver_srf04/bin/octa/cortexm_common_periph.a(pm.o)
 .debug_info    0x00000000000134d0     0x19f4 /home/vagrant/RIOT/tests/driver_srf04/bin/octa/isrpipe.a(isrpipe.o)
 .debug_info    0x0000000000014ec4      0xbb8 /home/vagrant/RIOT/tests/driver_srf04/bin/octa/stm32_common.a(cpu_init.o)
 .debug_info    0x0000000000015a7c     0x16f3 /home/vagrant/RIOT/tests/driver_srf04/bin/octa/stm32_common.a(cpu_common.o)
 .debug_info    0x000000000001716f     0x1b14 /home/vagrant/RIOT/tests/driver_srf04/bin/octa/stm32_common_periph.a(timer.o)
 .debug_info    0x0000000000018c83      0x39e /home/vagrant/RIOT/tests/driver_srf04/bin/octa/tsrb.a(tsrb.o)
 .debug_info    0x0000000000019021       0x3b /home/vagrant/RIOT/tests/driver_srf04/bin/octa/periph_common.a(init.o)
 .debug_info    0x000000000001905c     0x1582 /home/vagrant/RIOT/tests/driver_srf04/bin/octa/application_tests_driver_srf04.a(main.o)
 .debug_info    0x000000000001a5de     0x13b0 /home/vagrant/RIOT/tests/driver_srf04/bin/octa/auto_init.a(auto_init.o)
 .debug_info    0x000000000001b98e      0xe50 /home/vagrant/RIOT/tests/driver_srf04/bin/octa/core.a(mutex.o)
 .debug_info    0x000000000001c7de     0x1170 /home/vagrant/RIOT/tests/driver_srf04/bin/octa/cortexm_common.a(cortexm_init.o)
 .debug_info    0x000000000001d94e     0x1725 /home/vagrant/RIOT/tests/driver_srf04/bin/octa/cpu.a(stmclk.o)
 .debug_info    0x000000000001f073     0x18cc /home/vagrant/RIOT/tests/driver_srf04/bin/octa/srf04.a(srf04.o)
 .debug_info    0x000000000002093f     0x179f /home/vagrant/RIOT/tests/driver_srf04/bin/octa/stm32_common.a(stmclk_common.o)
 .debug_info    0x00000000000220de     0x20f5 /home/vagrant/RIOT/tests/driver_srf04/bin/octa/xtimer.a(xtimer.o)

.debug_abbrev   0x0000000000000000     0x5146
 .debug_abbrev  0x0000000000000000       0xe8 /home/vagrant/RIOT/tests/driver_srf04/bin/octa/cpu/vectors.o
 .debug_abbrev  0x00000000000000e8      0x431 /home/vagrant/RIOT/tests/driver_srf04/bin/octa/newlib_syscalls_default/syscalls.o
 .debug_abbrev  0x0000000000000519      0x322 /home/vagrant/RIOT/tests/driver_srf04/bin/octa/core.a(sched.o)
 .debug_abbrev  0x000000000000083b      0x33c /home/vagrant/RIOT/tests/driver_srf04/bin/octa/cortexm_common.a(thread_arch.o)
 .debug_abbrev  0x0000000000000b77      0x3c7 /home/vagrant/RIOT/tests/driver_srf04/bin/octa/cortexm_common.a(vectors_cortexm.o)
 .debug_abbrev  0x0000000000000f3e      0x24f /home/vagrant/RIOT/tests/driver_srf04/bin/octa/cortexm_common.a(irq_arch.o)
 .debug_abbrev  0x000000000000118d      0x26b /home/vagrant/RIOT/tests/driver_srf04/bin/octa/stdio_uart.a(stdio_uart.o)
 .debug_abbrev  0x00000000000013f8      0x3e6 /home/vagrant/RIOT/tests/driver_srf04/bin/octa/stm32_common_periph.a(uart.o)
 .debug_abbrev  0x00000000000017de      0x3cf /home/vagrant/RIOT/tests/driver_srf04/bin/octa/stm32_common_periph.a(gpio.o)
 .debug_abbrev  0x0000000000001bad      0x543 /home/vagrant/RIOT/tests/driver_srf04/bin/octa/xtimer.a(xtimer_core.o)
 .debug_abbrev  0x00000000000020f0      0x1ab /home/vagrant/RIOT/tests/driver_srf04/bin/octa/periph_common.a(pm.o)
 .debug_abbrev  0x000000000000229b      0x216 /home/vagrant/RIOT/tests/driver_srf04/bin/octa/board.a(board.o)
 .debug_abbrev  0x00000000000024b1      0x270 /home/vagrant/RIOT/tests/driver_srf04/bin/octa/core.a(panic.o)
 .debug_abbrev  0x0000000000002721      0x241 /home/vagrant/RIOT/tests/driver_srf04/bin/octa/core.a(kernel_init.o)
 .debug_abbrev  0x0000000000002962      0x334 /home/vagrant/RIOT/tests/driver_srf04/bin/octa/core.a(thread.o)
 .debug_abbrev  0x0000000000002c96      0x255 /home/vagrant/RIOT/tests/driver_srf04/bin/octa/cortexm_common_periph.a(pm.o)
 .debug_abbrev  0x0000000000002eeb      0x340 /home/vagrant/RIOT/tests/driver_srf04/bin/octa/isrpipe.a(isrpipe.o)
 .debug_abbrev  0x000000000000322b      0x1fd /home/vagrant/RIOT/tests/driver_srf04/bin/octa/stm32_common.a(cpu_init.o)
 .debug_abbrev  0x0000000000003428      0x296 /home/vagrant/RIOT/tests/driver_srf04/bin/octa/stm32_common.a(cpu_common.o)
 .debug_abbrev  0x00000000000036be      0x392 /home/vagrant/RIOT/tests/driver_srf04/bin/octa/stm32_common_periph.a(timer.o)
 .debug_abbrev  0x0000000000003a50      0x1a2 /home/vagrant/RIOT/tests/driver_srf04/bin/octa/tsrb.a(tsrb.o)
 .debug_abbrev  0x0000000000003bf2       0x2f /home/vagrant/RIOT/tests/driver_srf04/bin/octa/periph_common.a(init.o)
 .debug_abbrev  0x0000000000003c21      0x259 /home/vagrant/RIOT/tests/driver_srf04/bin/octa/application_tests_driver_srf04.a(main.o)
 .debug_abbrev  0x0000000000003e7a      0x1f5 /home/vagrant/RIOT/tests/driver_srf04/bin/octa/auto_init.a(auto_init.o)
 .debug_abbrev  0x000000000000406f      0x2b8 /home/vagrant/RIOT/tests/driver_srf04/bin/octa/core.a(mutex.o)
 .debug_abbrev  0x0000000000004327      0x2b0 /home/vagrant/RIOT/tests/driver_srf04/bin/octa/cortexm_common.a(cortexm_init.o)
 .debug_abbrev  0x00000000000045d7      0x20f /home/vagrant/RIOT/tests/driver_srf04/bin/octa/cpu.a(stmclk.o)
 .debug_abbrev  0x00000000000047e6      0x355 /home/vagrant/RIOT/tests/driver_srf04/bin/octa/srf04.a(srf04.o)
 .debug_abbrev  0x0000000000004b3b      0x207 /home/vagrant/RIOT/tests/driver_srf04/bin/octa/stm32_common.a(stmclk_common.o)
 .debug_abbrev  0x0000000000004d42      0x404 /home/vagrant/RIOT/tests/driver_srf04/bin/octa/xtimer.a(xtimer.o)

.debug_aranges  0x0000000000000000      0x7d0
 .debug_aranges
                0x0000000000000000       0x20 /home/vagrant/RIOT/tests/driver_srf04/bin/octa/cpu/vectors.o
 .debug_aranges
                0x0000000000000020       0xb8 /home/vagrant/RIOT/tests/driver_srf04/bin/octa/newlib_syscalls_default/syscalls.o
 .debug_aranges
                0x00000000000000d8       0x38 /home/vagrant/RIOT/tests/driver_srf04/bin/octa/core.a(sched.o)
 .debug_aranges
                0x0000000000000110       0x60 /home/vagrant/RIOT/tests/driver_srf04/bin/octa/cortexm_common.a(thread_arch.o)
 .debug_aranges
                0x0000000000000170       0x68 /home/vagrant/RIOT/tests/driver_srf04/bin/octa/cortexm_common.a(vectors_cortexm.o)
 .debug_aranges
                0x00000000000001d8       0x38 /home/vagrant/RIOT/tests/driver_srf04/bin/octa/cortexm_common.a(irq_arch.o)
 .debug_aranges
                0x0000000000000210       0x30 /home/vagrant/RIOT/tests/driver_srf04/bin/octa/stdio_uart.a(stdio_uart.o)
 .debug_aranges
                0x0000000000000240       0x50 /home/vagrant/RIOT/tests/driver_srf04/bin/octa/stm32_common_periph.a(uart.o)
 .debug_aranges
                0x0000000000000290       0x78 /home/vagrant/RIOT/tests/driver_srf04/bin/octa/stm32_common_periph.a(gpio.o)
 .debug_aranges
                0x0000000000000308       0x78 /home/vagrant/RIOT/tests/driver_srf04/bin/octa/xtimer.a(xtimer_core.o)
 .debug_aranges
                0x0000000000000380       0x20 /home/vagrant/RIOT/tests/driver_srf04/bin/octa/periph_common.a(pm.o)
 .debug_aranges
                0x00000000000003a0       0x20 /home/vagrant/RIOT/tests/driver_srf04/bin/octa/board.a(board.o)
 .debug_aranges
                0x00000000000003c0       0x28 /home/vagrant/RIOT/tests/driver_srf04/bin/octa/core.a(panic.o)
 .debug_aranges
                0x00000000000003e8       0x30 /home/vagrant/RIOT/tests/driver_srf04/bin/octa/core.a(kernel_init.o)
 .debug_aranges
                0x0000000000000418       0x60 /home/vagrant/RIOT/tests/driver_srf04/bin/octa/core.a(thread.o)
 .debug_aranges
                0x0000000000000478       0x28 /home/vagrant/RIOT/tests/driver_srf04/bin/octa/cortexm_common_periph.a(pm.o)
 .debug_aranges
                0x00000000000004a0       0x48 /home/vagrant/RIOT/tests/driver_srf04/bin/octa/isrpipe.a(isrpipe.o)
 .debug_aranges
                0x00000000000004e8       0x20 /home/vagrant/RIOT/tests/driver_srf04/bin/octa/stm32_common.a(cpu_init.o)
 .debug_aranges
                0x0000000000000508       0x38 /home/vagrant/RIOT/tests/driver_srf04/bin/octa/stm32_common.a(cpu_common.o)
 .debug_aranges
                0x0000000000000540       0x60 /home/vagrant/RIOT/tests/driver_srf04/bin/octa/stm32_common_periph.a(timer.o)
 .debug_aranges
                0x00000000000005a0       0x48 /home/vagrant/RIOT/tests/driver_srf04/bin/octa/tsrb.a(tsrb.o)
 .debug_aranges
                0x00000000000005e8       0x20 /home/vagrant/RIOT/tests/driver_srf04/bin/octa/periph_common.a(init.o)
 .debug_aranges
                0x0000000000000608       0x20 /home/vagrant/RIOT/tests/driver_srf04/bin/octa/application_tests_driver_srf04.a(main.o)
 .debug_aranges
                0x0000000000000628       0x20 /home/vagrant/RIOT/tests/driver_srf04/bin/octa/auto_init.a(auto_init.o)
 .debug_aranges
                0x0000000000000648       0x30 /home/vagrant/RIOT/tests/driver_srf04/bin/octa/core.a(mutex.o)
 .debug_aranges
                0x0000000000000678       0x20 /home/vagrant/RIOT/tests/driver_srf04/bin/octa/cortexm_common.a(cortexm_init.o)
 .debug_aranges
                0x0000000000000698       0x20 /home/vagrant/RIOT/tests/driver_srf04/bin/octa/cpu.a(stmclk.o)
 .debug_aranges
                0x00000000000006b8       0x40 /home/vagrant/RIOT/tests/driver_srf04/bin/octa/srf04.a(srf04.o)
 .debug_aranges
                0x00000000000006f8       0x48 /home/vagrant/RIOT/tests/driver_srf04/bin/octa/stm32_common.a(stmclk_common.o)
 .debug_aranges
                0x0000000000000740       0x90 /home/vagrant/RIOT/tests/driver_srf04/bin/octa/xtimer.a(xtimer.o)

.debug_ranges   0x0000000000000000      0xd48
 .debug_ranges  0x0000000000000000       0x10 /home/vagrant/RIOT/tests/driver_srf04/bin/octa/cpu/vectors.o
 .debug_ranges  0x0000000000000010      0x108 /home/vagrant/RIOT/tests/driver_srf04/bin/octa/newlib_syscalls_default/syscalls.o
 .debug_ranges  0x0000000000000118       0x88 /home/vagrant/RIOT/tests/driver_srf04/bin/octa/core.a(sched.o)
 .debug_ranges  0x00000000000001a0       0x80 /home/vagrant/RIOT/tests/driver_srf04/bin/octa/cortexm_common.a(thread_arch.o)
 .debug_ranges  0x0000000000000220       0x58 /home/vagrant/RIOT/tests/driver_srf04/bin/octa/cortexm_common.a(vectors_cortexm.o)
 .debug_ranges  0x0000000000000278       0x28 /home/vagrant/RIOT/tests/driver_srf04/bin/octa/cortexm_common.a(irq_arch.o)
 .debug_ranges  0x00000000000002a0       0x20 /home/vagrant/RIOT/tests/driver_srf04/bin/octa/stdio_uart.a(stdio_uart.o)
 .debug_ranges  0x00000000000002c0       0x70 /home/vagrant/RIOT/tests/driver_srf04/bin/octa/stm32_common_periph.a(uart.o)
 .debug_ranges  0x0000000000000330       0xb8 /home/vagrant/RIOT/tests/driver_srf04/bin/octa/stm32_common_periph.a(gpio.o)
 .debug_ranges  0x00000000000003e8      0x250 /home/vagrant/RIOT/tests/driver_srf04/bin/octa/xtimer.a(xtimer_core.o)
 .debug_ranges  0x0000000000000638       0x10 /home/vagrant/RIOT/tests/driver_srf04/bin/octa/periph_common.a(pm.o)
 .debug_ranges  0x0000000000000648       0x10 /home/vagrant/RIOT/tests/driver_srf04/bin/octa/board.a(board.o)
 .debug_ranges  0x0000000000000658       0x18 /home/vagrant/RIOT/tests/driver_srf04/bin/octa/core.a(panic.o)
 .debug_ranges  0x0000000000000670       0x20 /home/vagrant/RIOT/tests/driver_srf04/bin/octa/core.a(kernel_init.o)
 .debug_ranges  0x0000000000000690       0xb0 /home/vagrant/RIOT/tests/driver_srf04/bin/octa/core.a(thread.o)
 .debug_ranges  0x0000000000000740       0x38 /home/vagrant/RIOT/tests/driver_srf04/bin/octa/cortexm_common_periph.a(pm.o)
 .debug_ranges  0x0000000000000778       0x68 /home/vagrant/RIOT/tests/driver_srf04/bin/octa/isrpipe.a(isrpipe.o)
 .debug_ranges  0x00000000000007e0       0x10 /home/vagrant/RIOT/tests/driver_srf04/bin/octa/stm32_common.a(cpu_init.o)
 .debug_ranges  0x00000000000007f0       0x28 /home/vagrant/RIOT/tests/driver_srf04/bin/octa/stm32_common.a(cpu_common.o)
 .debug_ranges  0x0000000000000818       0xe8 /home/vagrant/RIOT/tests/driver_srf04/bin/octa/stm32_common_periph.a(timer.o)
 .debug_ranges  0x0000000000000900       0x88 /home/vagrant/RIOT/tests/driver_srf04/bin/octa/tsrb.a(tsrb.o)
 .debug_ranges  0x0000000000000988       0x10 /home/vagrant/RIOT/tests/driver_srf04/bin/octa/periph_common.a(init.o)
 .debug_ranges  0x0000000000000998       0x28 /home/vagrant/RIOT/tests/driver_srf04/bin/octa/application_tests_driver_srf04.a(main.o)
 .debug_ranges  0x00000000000009c0       0x10 /home/vagrant/RIOT/tests/driver_srf04/bin/octa/auto_init.a(auto_init.o)
 .debug_ranges  0x00000000000009d0       0x68 /home/vagrant/RIOT/tests/driver_srf04/bin/octa/core.a(mutex.o)
 .debug_ranges  0x0000000000000a38       0x68 /home/vagrant/RIOT/tests/driver_srf04/bin/octa/cortexm_common.a(cortexm_init.o)
 .debug_ranges  0x0000000000000aa0       0x10 /home/vagrant/RIOT/tests/driver_srf04/bin/octa/cpu.a(stmclk.o)
 .debug_ranges  0x0000000000000ab0       0x60 /home/vagrant/RIOT/tests/driver_srf04/bin/octa/srf04.a(srf04.o)
 .debug_ranges  0x0000000000000b10       0x38 /home/vagrant/RIOT/tests/driver_srf04/bin/octa/stm32_common.a(stmclk_common.o)
 .debug_ranges  0x0000000000000b48      0x200 /home/vagrant/RIOT/tests/driver_srf04/bin/octa/xtimer.a(xtimer.o)

.debug_macro    0x0000000000000000    0x39499
 .debug_macro   0x0000000000000000       0xe0 /home/vagrant/RIOT/tests/driver_srf04/bin/octa/cpu/vectors.o
 .debug_macro   0x00000000000000e0      0xa4e /home/vagrant/RIOT/tests/driver_srf04/bin/octa/cpu/vectors.o
 .debug_macro   0x0000000000000b2e      0x106 /home/vagrant/RIOT/tests/driver_srf04/bin/octa/cpu/vectors.o
 .debug_macro   0x0000000000000c34       0x28 /home/vagrant/RIOT/tests/driver_srf04/bin/octa/cpu/vectors.o
 .debug_macro   0x0000000000000c5c       0x28 /home/vagrant/RIOT/tests/driver_srf04/bin/octa/cpu/vectors.o
 .debug_macro   0x0000000000000c84       0x22 /home/vagrant/RIOT/tests/driver_srf04/bin/octa/cpu/vectors.o
 .debug_macro   0x0000000000000ca6       0x56 /home/vagrant/RIOT/tests/driver_srf04/bin/octa/cpu/vectors.o
 .debug_macro   0x0000000000000cfc       0x51 /home/vagrant/RIOT/tests/driver_srf04/bin/octa/cpu/vectors.o
 .debug_macro   0x0000000000000d4d       0xef /home/vagrant/RIOT/tests/driver_srf04/bin/octa/cpu/vectors.o
 .debug_macro   0x0000000000000e3c       0x6a /home/vagrant/RIOT/tests/driver_srf04/bin/octa/cpu/vectors.o
 .debug_macro   0x0000000000000ea6      0x1df /home/vagrant/RIOT/tests/driver_srf04/bin/octa/cpu/vectors.o
 .debug_macro   0x0000000000001085       0x35 /home/vagrant/RIOT/tests/driver_srf04/bin/octa/cpu/vectors.o
 .debug_macro   0x00000000000010ba       0x50 /home/vagrant/RIOT/tests/driver_srf04/bin/octa/cpu/vectors.o
 .debug_macro   0x000000000000110a      0xe66 /home/vagrant/RIOT/tests/driver_srf04/bin/octa/cpu/vectors.o
 .debug_macro   0x0000000000001f70    0x1c1e4 /home/vagrant/RIOT/tests/driver_srf04/bin/octa/cpu/vectors.o
 .debug_macro   0x000000000001e154       0x28 /home/vagrant/RIOT/tests/driver_srf04/bin/octa/cpu/vectors.o
 .debug_macro   0x000000000001e17c       0x16 /home/vagrant/RIOT/tests/driver_srf04/bin/octa/cpu/vectors.o
 .debug_macro   0x000000000001e192      0x4d2 /home/vagrant/RIOT/tests/driver_srf04/bin/octa/newlib_syscalls_default/syscalls.o
 .debug_macro   0x000000000001e664      0xa4e /home/vagrant/RIOT/tests/driver_srf04/bin/octa/newlib_syscalls_default/syscalls.o
 .debug_macro   0x000000000001f0b2       0x40 /home/vagrant/RIOT/tests/driver_srf04/bin/octa/newlib_syscalls_default/syscalls.o
 .debug_macro   0x000000000001f0f2       0x18 /home/vagrant/RIOT/tests/driver_srf04/bin/octa/newlib_syscalls_default/syscalls.o
 .debug_macro   0x000000000001f10a       0x5c /home/vagrant/RIOT/tests/driver_srf04/bin/octa/newlib_syscalls_default/syscalls.o
 .debug_macro   0x000000000001f166       0x3c /home/vagrant/RIOT/tests/driver_srf04/bin/octa/newlib_syscalls_default/syscalls.o
 .debug_macro   0x000000000001f1a2       0x34 /home/vagrant/RIOT/tests/driver_srf04/bin/octa/newlib_syscalls_default/syscalls.o
 .debug_macro   0x000000000001f1d6       0x10 /home/vagrant/RIOT/tests/driver_srf04/bin/octa/newlib_syscalls_default/syscalls.o
 .debug_macro   0x000000000001f1e6       0x57 /home/vagrant/RIOT/tests/driver_srf04/bin/octa/newlib_syscalls_default/syscalls.o
 .debug_macro   0x000000000001f23d       0xcf /home/vagrant/RIOT/tests/driver_srf04/bin/octa/newlib_syscalls_default/syscalls.o
 .debug_macro   0x000000000001f30c      0x353 /home/vagrant/RIOT/tests/driver_srf04/bin/octa/newlib_syscalls_default/syscalls.o
 .debug_macro   0x000000000001f65f       0x10 /home/vagrant/RIOT/tests/driver_srf04/bin/octa/newlib_syscalls_default/syscalls.o
 .debug_macro   0x000000000001f66f       0xb7 /home/vagrant/RIOT/tests/driver_srf04/bin/octa/newlib_syscalls_default/syscalls.o
 .debug_macro   0x000000000001f726       0x52 /home/vagrant/RIOT/tests/driver_srf04/bin/octa/newlib_syscalls_default/syscalls.o
 .debug_macro   0x000000000001f778       0x1f /home/vagrant/RIOT/tests/driver_srf04/bin/octa/newlib_syscalls_default/syscalls.o
 .debug_macro   0x000000000001f797       0x43 /home/vagrant/RIOT/tests/driver_srf04/bin/octa/newlib_syscalls_default/syscalls.o
 .debug_macro   0x000000000001f7da       0x20 /home/vagrant/RIOT/tests/driver_srf04/bin/octa/newlib_syscalls_default/syscalls.o
 .debug_macro   0x000000000001f7fa       0xb6 /home/vagrant/RIOT/tests/driver_srf04/bin/octa/newlib_syscalls_default/syscalls.o
 .debug_macro   0x000000000001f8b0      0x4fe /home/vagrant/RIOT/tests/driver_srf04/bin/octa/newlib_syscalls_default/syscalls.o
 .debug_macro   0x000000000001fdae      0x1a3 /home/vagrant/RIOT/tests/driver_srf04/bin/octa/newlib_syscalls_default/syscalls.o
 .debug_macro   0x000000000001ff51       0x10 /home/vagrant/RIOT/tests/driver_srf04/bin/octa/newlib_syscalls_default/syscalls.o
 .debug_macro   0x000000000001ff61       0x35 /home/vagrant/RIOT/tests/driver_srf04/bin/octa/newlib_syscalls_default/syscalls.o
 .debug_macro   0x000000000001ff96       0x10 /home/vagrant/RIOT/tests/driver_srf04/bin/octa/newlib_syscalls_default/syscalls.o
 .debug_macro   0x000000000001ffa6      0x241 /home/vagrant/RIOT/tests/driver_srf04/bin/octa/newlib_syscalls_default/syscalls.o
 .debug_macro   0x00000000000201e7       0x16 /home/vagrant/RIOT/tests/driver_srf04/bin/octa/newlib_syscalls_default/syscalls.o
 .debug_macro   0x00000000000201fd       0x10 /home/vagrant/RIOT/tests/driver_srf04/bin/octa/newlib_syscalls_default/syscalls.o
 .debug_macro   0x000000000002020d       0x16 /home/vagrant/RIOT/tests/driver_srf04/bin/octa/newlib_syscalls_default/syscalls.o
 .debug_macro   0x0000000000020223       0xff /home/vagrant/RIOT/tests/driver_srf04/bin/octa/newlib_syscalls_default/syscalls.o
 .debug_macro   0x0000000000020322       0x16 /home/vagrant/RIOT/tests/driver_srf04/bin/octa/newlib_syscalls_default/syscalls.o
 .debug_macro   0x0000000000020338       0x22 /home/vagrant/RIOT/tests/driver_srf04/bin/octa/newlib_syscalls_default/syscalls.o
 .debug_macro   0x000000000002035a       0x16 /home/vagrant/RIOT/tests/driver_srf04/bin/octa/newlib_syscalls_default/syscalls.o
 .debug_macro   0x0000000000020370       0x16 /home/vagrant/RIOT/tests/driver_srf04/bin/octa/newlib_syscalls_default/syscalls.o
 .debug_macro   0x0000000000020386       0x10 /home/vagrant/RIOT/tests/driver_srf04/bin/octa/newlib_syscalls_default/syscalls.o
 .debug_macro   0x0000000000020396       0x10 /home/vagrant/RIOT/tests/driver_srf04/bin/octa/newlib_syscalls_default/syscalls.o
 .debug_macro   0x00000000000203a6       0x2e /home/vagrant/RIOT/tests/driver_srf04/bin/octa/newlib_syscalls_default/syscalls.o
 .debug_macro   0x00000000000203d4       0xf5 /home/vagrant/RIOT/tests/driver_srf04/bin/octa/newlib_syscalls_default/syscalls.o
 .debug_macro   0x00000000000204c9       0x22 /home/vagrant/RIOT/tests/driver_srf04/bin/octa/newlib_syscalls_default/syscalls.o
 .debug_macro   0x00000000000204eb       0x2f /home/vagrant/RIOT/tests/driver_srf04/bin/octa/newlib_syscalls_default/syscalls.o
 .debug_macro   0x000000000002051a       0x3b /home/vagrant/RIOT/tests/driver_srf04/bin/octa/newlib_syscalls_default/syscalls.o
 .debug_macro   0x0000000000020555       0xd6 /home/vagrant/RIOT/tests/driver_srf04/bin/octa/newlib_syscalls_default/syscalls.o
 .debug_macro   0x000000000002062b       0x10 /home/vagrant/RIOT/tests/driver_srf04/bin/octa/newlib_syscalls_default/syscalls.o
 .debug_macro   0x000000000002063b      0x460 /home/vagrant/RIOT/tests/driver_srf04/bin/octa/newlib_syscalls_default/syscalls.o
 .debug_macro   0x0000000000020a9b       0x2b /home/vagrant/RIOT/tests/driver_srf04/bin/octa/newlib_syscalls_default/syscalls.o
 .debug_macro   0x0000000000020ac6       0xee /home/vagrant/RIOT/tests/driver_srf04/bin/octa/newlib_syscalls_default/syscalls.o
 .debug_macro   0x0000000000020bb4       0x28 /home/vagrant/RIOT/tests/driver_srf04/bin/octa/newlib_syscalls_default/syscalls.o
 .debug_macro   0x0000000000020bdc       0x10 /home/vagrant/RIOT/tests/driver_srf04/bin/octa/newlib_syscalls_default/syscalls.o
 .debug_macro   0x0000000000020bec       0x12 /home/vagrant/RIOT/tests/driver_srf04/bin/octa/newlib_syscalls_default/syscalls.o
 .debug_macro   0x0000000000020bfe       0xba /home/vagrant/RIOT/tests/driver_srf04/bin/octa/newlib_syscalls_default/syscalls.o
 .debug_macro   0x0000000000020cb8       0x16 /home/vagrant/RIOT/tests/driver_srf04/bin/octa/newlib_syscalls_default/syscalls.o
 .debug_macro   0x0000000000020cce       0x86 /home/vagrant/RIOT/tests/driver_srf04/bin/octa/newlib_syscalls_default/syscalls.o
 .debug_macro   0x0000000000020d54       0x10 /home/vagrant/RIOT/tests/driver_srf04/bin/octa/newlib_syscalls_default/syscalls.o
 .debug_macro   0x0000000000020d64       0xcb /home/vagrant/RIOT/tests/driver_srf04/bin/octa/newlib_syscalls_default/syscalls.o
 .debug_macro   0x0000000000020e2f       0x10 /home/vagrant/RIOT/tests/driver_srf04/bin/octa/newlib_syscalls_default/syscalls.o
 .debug_macro   0x0000000000020e3f       0xac /home/vagrant/RIOT/tests/driver_srf04/bin/octa/newlib_syscalls_default/syscalls.o
 .debug_macro   0x0000000000020eeb       0x70 /home/vagrant/RIOT/tests/driver_srf04/bin/octa/newlib_syscalls_default/syscalls.o
 .debug_macro   0x0000000000020f5b       0x34 /home/vagrant/RIOT/tests/driver_srf04/bin/octa/newlib_syscalls_default/syscalls.o
 .debug_macro   0x0000000000020f8f       0x10 /home/vagrant/RIOT/tests/driver_srf04/bin/octa/newlib_syscalls_default/syscalls.o
 .debug_macro   0x0000000000020f9f       0x43 /home/vagrant/RIOT/tests/driver_srf04/bin/octa/newlib_syscalls_default/syscalls.o
 .debug_macro   0x0000000000020fe2       0x1c /home/vagrant/RIOT/tests/driver_srf04/bin/octa/newlib_syscalls_default/syscalls.o
 .debug_macro   0x0000000000020ffe       0x34 /home/vagrant/RIOT/tests/driver_srf04/bin/octa/newlib_syscalls_default/syscalls.o
 .debug_macro   0x0000000000021032       0x16 /home/vagrant/RIOT/tests/driver_srf04/bin/octa/newlib_syscalls_default/syscalls.o
 .debug_macro   0x0000000000021048       0x58 /home/vagrant/RIOT/tests/driver_srf04/bin/octa/newlib_syscalls_default/syscalls.o
 .debug_macro   0x00000000000210a0       0x10 /home/vagrant/RIOT/tests/driver_srf04/bin/octa/newlib_syscalls_default/syscalls.o
 .debug_macro   0x00000000000210b0       0x10 /home/vagrant/RIOT/tests/driver_srf04/bin/octa/newlib_syscalls_default/syscalls.o
 .debug_macro   0x00000000000210c0      0x2fd /home/vagrant/RIOT/tests/driver_srf04/bin/octa/core.a(sched.o)
 .debug_macro   0x00000000000213bd      0xa4e /home/vagrant/RIOT/tests/driver_srf04/bin/octa/core.a(sched.o)
 .debug_macro   0x0000000000021e0b      0x16d /home/vagrant/RIOT/tests/driver_srf04/bin/octa/core.a(sched.o)
 .debug_macro   0x0000000000021f78       0x46 /home/vagrant/RIOT/tests/driver_srf04/bin/octa/core.a(sched.o)
 .debug_macro   0x0000000000021fbe       0x3a /home/vagrant/RIOT/tests/driver_srf04/bin/octa/core.a(sched.o)
 .debug_macro   0x0000000000021ff8       0x25 /home/vagrant/RIOT/tests/driver_srf04/bin/octa/core.a(sched.o)
 .debug_macro   0x000000000002201d       0x2e /home/vagrant/RIOT/tests/driver_srf04/bin/octa/core.a(sched.o)
 .debug_macro   0x000000000002204b       0x1c /home/vagrant/RIOT/tests/driver_srf04/bin/octa/core.a(sched.o)
 .debug_macro   0x0000000000022067      0x114 /home/vagrant/RIOT/tests/driver_srf04/bin/octa/core.a(sched.o)
 .debug_macro   0x000000000002217b       0x1c /home/vagrant/RIOT/tests/driver_srf04/bin/octa/core.a(sched.o)
 .debug_macro   0x0000000000022197      0x2e5 /home/vagrant/RIOT/tests/driver_srf04/bin/octa/cortexm_common.a(thread_arch.o)
 .debug_macro   0x000000000002247c      0xa4e /home/vagrant/RIOT/tests/driver_srf04/bin/octa/cortexm_common.a(thread_arch.o)
 .debug_macro   0x0000000000022eca       0x97 /home/vagrant/RIOT/tests/driver_srf04/bin/octa/cortexm_common.a(thread_arch.o)
 .debug_macro   0x0000000000022f61       0xf6 /home/vagrant/RIOT/tests/driver_srf04/bin/octa/cortexm_common.a(thread_arch.o)
 .debug_macro   0x0000000000023057       0x1c /home/vagrant/RIOT/tests/driver_srf04/bin/octa/cortexm_common.a(thread_arch.o)
 .debug_macro   0x0000000000023073      0x373 /home/vagrant/RIOT/tests/driver_srf04/bin/octa/cortexm_common.a(vectors_cortexm.o)
 .debug_macro   0x00000000000233e6      0xa4e /home/vagrant/RIOT/tests/driver_srf04/bin/octa/cortexm_common.a(vectors_cortexm.o)
 .debug_macro   0x0000000000023e34       0x16 /home/vagrant/RIOT/tests/driver_srf04/bin/octa/cortexm_common.a(vectors_cortexm.o)
 .debug_macro   0x0000000000023e4a       0x1c /home/vagrant/RIOT/tests/driver_srf04/bin/octa/cortexm_common.a(vectors_cortexm.o)
 .debug_macro   0x0000000000023e66      0x2d5 /home/vagrant/RIOT/tests/driver_srf04/bin/octa/cortexm_common.a(irq_arch.o)
 .debug_macro   0x000000000002413b      0xa4e /home/vagrant/RIOT/tests/driver_srf04/bin/octa/cortexm_common.a(irq_arch.o)
 .debug_macro   0x0000000000024b89      0x3ee /home/vagrant/RIOT/tests/driver_srf04/bin/octa/stdio_uart.a(stdio_uart.o)
 .debug_macro   0x0000000000024f77      0xa4e /home/vagrant/RIOT/tests/driver_srf04/bin/octa/stdio_uart.a(stdio_uart.o)
 .debug_macro   0x00000000000259c5       0x16 /home/vagrant/RIOT/tests/driver_srf04/bin/octa/stdio_uart.a(stdio_uart.o)
 .debug_macro   0x00000000000259db       0x16 /home/vagrant/RIOT/tests/driver_srf04/bin/octa/stdio_uart.a(stdio_uart.o)
 .debug_macro   0x00000000000259f1       0x10 /home/vagrant/RIOT/tests/driver_srf04/bin/octa/stdio_uart.a(stdio_uart.o)
 .debug_macro   0x0000000000025a01      0x332 /home/vagrant/RIOT/tests/driver_srf04/bin/octa/stm32_common_periph.a(uart.o)
 .debug_macro   0x0000000000025d33      0xa4e /home/vagrant/RIOT/tests/driver_srf04/bin/octa/stm32_common_periph.a(uart.o)
 .debug_macro   0x0000000000026781       0xd1 /home/vagrant/RIOT/tests/driver_srf04/bin/octa/stm32_common_periph.a(uart.o)
 .debug_macro   0x0000000000026852       0x10 /home/vagrant/RIOT/tests/driver_srf04/bin/octa/stm32_common_periph.a(uart.o)
 .debug_macro   0x0000000000026862      0x304 /home/vagrant/RIOT/tests/driver_srf04/bin/octa/stm32_common_periph.a(gpio.o)
 .debug_macro   0x0000000000026b66      0xa4e /home/vagrant/RIOT/tests/driver_srf04/bin/octa/stm32_common_periph.a(gpio.o)
 .debug_macro   0x00000000000275b4      0x3e9 /home/vagrant/RIOT/tests/driver_srf04/bin/octa/xtimer.a(xtimer_core.o)
 .debug_macro   0x000000000002799d      0xa4e /home/vagrant/RIOT/tests/driver_srf04/bin/octa/xtimer.a(xtimer_core.o)
 .debug_macro   0x00000000000283eb       0x10 /home/vagrant/RIOT/tests/driver_srf04/bin/octa/xtimer.a(xtimer_core.o)
 .debug_macro   0x00000000000283fb       0x16 /home/vagrant/RIOT/tests/driver_srf04/bin/octa/xtimer.a(xtimer_core.o)
 .debug_macro   0x0000000000028411      0x314 /home/vagrant/RIOT/tests/driver_srf04/bin/octa/periph_common.a(pm.o)
 .debug_macro   0x0000000000028725      0xa4e /home/vagrant/RIOT/tests/driver_srf04/bin/octa/periph_common.a(pm.o)
 .debug_macro   0x0000000000029173       0x80 /home/vagrant/RIOT/tests/driver_srf04/bin/octa/periph_common.a(pm.o)
 .debug_macro   0x00000000000291f3      0x33f /home/vagrant/RIOT/tests/driver_srf04/bin/octa/board.a(board.o)
 .debug_macro   0x0000000000029532      0xa4e /home/vagrant/RIOT/tests/driver_srf04/bin/octa/board.a(board.o)
 .debug_macro   0x0000000000029f80      0x31d /home/vagrant/RIOT/tests/driver_srf04/bin/octa/core.a(panic.o)
 .debug_macro   0x000000000002a29d      0xa4e /home/vagrant/RIOT/tests/driver_srf04/bin/octa/core.a(panic.o)
 .debug_macro   0x000000000002aceb      0x360 /home/vagrant/RIOT/tests/driver_srf04/bin/octa/core.a(kernel_init.o)
 .debug_macro   0x000000000002b04b      0xa4e /home/vagrant/RIOT/tests/driver_srf04/bin/octa/core.a(kernel_init.o)
 .debug_macro   0x000000000002ba99      0x23b /home/vagrant/RIOT/tests/driver_srf04/bin/octa/core.a(kernel_init.o)
 .debug_macro   0x000000000002bcd4       0xdc /home/vagrant/RIOT/tests/driver_srf04/bin/octa/core.a(kernel_init.o)
 .debug_macro   0x000000000002bdb0      0x2ff /home/vagrant/RIOT/tests/driver_srf04/bin/octa/core.a(thread.o)
 .debug_macro   0x000000000002c0af      0xa4e /home/vagrant/RIOT/tests/driver_srf04/bin/octa/core.a(thread.o)
 .debug_macro   0x000000000002cafd      0x2f5 /home/vagrant/RIOT/tests/driver_srf04/bin/octa/cortexm_common_periph.a(pm.o)
 .debug_macro   0x000000000002cdf2      0xa4e /home/vagrant/RIOT/tests/driver_srf04/bin/octa/cortexm_common_periph.a(pm.o)
 .debug_macro   0x000000000002d840      0x407 /home/vagrant/RIOT/tests/driver_srf04/bin/octa/isrpipe.a(isrpipe.o)
 .debug_macro   0x000000000002dc47      0xa4e /home/vagrant/RIOT/tests/driver_srf04/bin/octa/isrpipe.a(isrpipe.o)
 .debug_macro   0x000000000002e695       0x2e /home/vagrant/RIOT/tests/driver_srf04/bin/octa/isrpipe.a(isrpipe.o)
 .debug_macro   0x000000000002e6c3      0x301 /home/vagrant/RIOT/tests/driver_srf04/bin/octa/stm32_common.a(cpu_init.o)
 .debug_macro   0x000000000002e9c4      0xa4e /home/vagrant/RIOT/tests/driver_srf04/bin/octa/stm32_common.a(cpu_init.o)
 .debug_macro   0x000000000002f412      0x315 /home/vagrant/RIOT/tests/driver_srf04/bin/octa/stm32_common.a(cpu_common.o)
 .debug_macro   0x000000000002f727      0xa4e /home/vagrant/RIOT/tests/driver_srf04/bin/octa/stm32_common.a(cpu_common.o)
 .debug_macro   0x0000000000030175      0x30d /home/vagrant/RIOT/tests/driver_srf04/bin/octa/stm32_common_periph.a(timer.o)
 .debug_macro   0x0000000000030482      0xa4e /home/vagrant/RIOT/tests/driver_srf04/bin/octa/stm32_common_periph.a(timer.o)
 .debug_macro   0x0000000000030ed0       0x5f /home/vagrant/RIOT/tests/driver_srf04/bin/octa/tsrb.a(tsrb.o)
 .debug_macro   0x0000000000030f2f      0xa4e /home/vagrant/RIOT/tests/driver_srf04/bin/octa/tsrb.a(tsrb.o)
 .debug_macro   0x000000000003197d       0x1a /home/vagrant/RIOT/tests/driver_srf04/bin/octa/periph_common.a(init.o)
 .debug_macro   0x0000000000031997      0xa4e /home/vagrant/RIOT/tests/driver_srf04/bin/octa/periph_common.a(init.o)
 .debug_macro   0x00000000000323e5      0x418 /home/vagrant/RIOT/tests/driver_srf04/bin/octa/application_tests_driver_srf04.a(main.o)
 .debug_macro   0x00000000000327fd      0xa4e /home/vagrant/RIOT/tests/driver_srf04/bin/octa/application_tests_driver_srf04.a(main.o)
 .debug_macro   0x000000000003324b       0x22 /home/vagrant/RIOT/tests/driver_srf04/bin/octa/application_tests_driver_srf04.a(main.o)
 .debug_macro   0x000000000003326d      0x3f3 /home/vagrant/RIOT/tests/driver_srf04/bin/octa/auto_init.a(auto_init.o)
 .debug_macro   0x0000000000033660      0xa4e /home/vagrant/RIOT/tests/driver_srf04/bin/octa/auto_init.a(auto_init.o)
 .debug_macro   0x00000000000340ae      0x2f6 /home/vagrant/RIOT/tests/driver_srf04/bin/octa/core.a(mutex.o)
 .debug_macro   0x00000000000343a4      0xa4e /home/vagrant/RIOT/tests/driver_srf04/bin/octa/core.a(mutex.o)
 .debug_macro   0x0000000000034df2      0x1e5 /home/vagrant/RIOT/tests/driver_srf04/bin/octa/core.a(mutex.o)
 .debug_macro   0x0000000000034fd7      0x2d5 /home/vagrant/RIOT/tests/driver_srf04/bin/octa/cortexm_common.a(cortexm_init.o)
 .debug_macro   0x00000000000352ac      0xa4e /home/vagrant/RIOT/tests/driver_srf04/bin/octa/cortexm_common.a(cortexm_init.o)
 .debug_macro   0x0000000000035cfa      0x324 /home/vagrant/RIOT/tests/driver_srf04/bin/octa/cpu.a(stmclk.o)
 .debug_macro   0x000000000003601e      0xa4e /home/vagrant/RIOT/tests/driver_srf04/bin/octa/cpu.a(stmclk.o)
 .debug_macro   0x0000000000036a6c      0x3fb /home/vagrant/RIOT/tests/driver_srf04/bin/octa/srf04.a(srf04.o)
 .debug_macro   0x0000000000036e67      0xa4e /home/vagrant/RIOT/tests/driver_srf04/bin/octa/srf04.a(srf04.o)
 .debug_macro   0x00000000000378b5       0x28 /home/vagrant/RIOT/tests/driver_srf04/bin/octa/srf04.a(srf04.o)
 .debug_macro   0x00000000000378dd      0x31e /home/vagrant/RIOT/tests/driver_srf04/bin/octa/stm32_common.a(stmclk_common.o)
 .debug_macro   0x0000000000037bfb      0xa4e /home/vagrant/RIOT/tests/driver_srf04/bin/octa/stm32_common.a(stmclk_common.o)
 .debug_macro   0x0000000000038649      0x402 /home/vagrant/RIOT/tests/driver_srf04/bin/octa/xtimer.a(xtimer.o)
 .debug_macro   0x0000000000038a4b      0xa4e /home/vagrant/RIOT/tests/driver_srf04/bin/octa/xtimer.a(xtimer.o)

.debug_line     0x0000000000000000     0xd85e
 .debug_line    0x0000000000000000      0x392 /home/vagrant/RIOT/tests/driver_srf04/bin/octa/cpu/vectors.o
 .debug_line    0x0000000000000392      0xaa4 /home/vagrant/RIOT/tests/driver_srf04/bin/octa/newlib_syscalls_default/syscalls.o
 .debug_line    0x0000000000000e36      0x6bf /home/vagrant/RIOT/tests/driver_srf04/bin/octa/core.a(sched.o)
 .debug_line    0x00000000000014f5      0x6ff /home/vagrant/RIOT/tests/driver_srf04/bin/octa/cortexm_common.a(thread_arch.o)
 .debug_line    0x0000000000001bf4      0x8a4 /home/vagrant/RIOT/tests/driver_srf04/bin/octa/cortexm_common.a(vectors_cortexm.o)
 .debug_line    0x0000000000002498      0x661 /home/vagrant/RIOT/tests/driver_srf04/bin/octa/cortexm_common.a(irq_arch.o)
 .debug_line    0x0000000000002af9      0x81d /home/vagrant/RIOT/tests/driver_srf04/bin/octa/stdio_uart.a(stdio_uart.o)
 .debug_line    0x0000000000003316      0x7fd /home/vagrant/RIOT/tests/driver_srf04/bin/octa/stm32_common_periph.a(uart.o)
 .debug_line    0x0000000000003b13      0x85d /home/vagrant/RIOT/tests/driver_srf04/bin/octa/stm32_common_periph.a(gpio.o)
 .debug_line    0x0000000000004370      0xa9f /home/vagrant/RIOT/tests/driver_srf04/bin/octa/xtimer.a(xtimer_core.o)
 .debug_line    0x0000000000004e0f      0x68e /home/vagrant/RIOT/tests/driver_srf04/bin/octa/periph_common.a(pm.o)
 .debug_line    0x000000000000549d      0x75c /home/vagrant/RIOT/tests/driver_srf04/bin/octa/board.a(board.o)
 .debug_line    0x0000000000005bf9      0x6c5 /home/vagrant/RIOT/tests/driver_srf04/bin/octa/core.a(panic.o)
 .debug_line    0x00000000000062be      0x70f /home/vagrant/RIOT/tests/driver_srf04/bin/octa/core.a(kernel_init.o)
 .debug_line    0x00000000000069cd      0x752 /home/vagrant/RIOT/tests/driver_srf04/bin/octa/core.a(thread.o)
 .debug_line    0x000000000000711f      0x6d5 /home/vagrant/RIOT/tests/driver_srf04/bin/octa/cortexm_common_periph.a(pm.o)
 .debug_line    0x00000000000077f4      0x8e4 /home/vagrant/RIOT/tests/driver_srf04/bin/octa/isrpipe.a(isrpipe.o)
 .debug_line    0x00000000000080d8      0x696 /home/vagrant/RIOT/tests/driver_srf04/bin/octa/stm32_common.a(cpu_init.o)
 .debug_line    0x000000000000876e      0x6f0 /home/vagrant/RIOT/tests/driver_srf04/bin/octa/stm32_common.a(cpu_common.o)
 .debug_line    0x0000000000008e5e      0x81b /home/vagrant/RIOT/tests/driver_srf04/bin/octa/stm32_common_periph.a(timer.o)
 .debug_line    0x0000000000009679      0x22d /home/vagrant/RIOT/tests/driver_srf04/bin/octa/tsrb.a(tsrb.o)
 .debug_line    0x00000000000098a6       0xaa /home/vagrant/RIOT/tests/driver_srf04/bin/octa/periph_common.a(init.o)
 .debug_line    0x0000000000009950      0x8ba /home/vagrant/RIOT/tests/driver_srf04/bin/octa/application_tests_driver_srf04.a(main.o)
 .debug_line    0x000000000000a20a      0x827 /home/vagrant/RIOT/tests/driver_srf04/bin/octa/auto_init.a(auto_init.o)
 .debug_line    0x000000000000aa31      0x676 /home/vagrant/RIOT/tests/driver_srf04/bin/octa/core.a(mutex.o)
 .debug_line    0x000000000000b0a7      0x643 /home/vagrant/RIOT/tests/driver_srf04/bin/octa/cortexm_common.a(cortexm_init.o)
 .debug_line    0x000000000000b6ea      0x6b9 /home/vagrant/RIOT/tests/driver_srf04/bin/octa/cpu.a(stmclk.o)
 .debug_line    0x000000000000bda3      0x913 /home/vagrant/RIOT/tests/driver_srf04/bin/octa/srf04.a(srf04.o)
 .debug_line    0x000000000000c6b6      0x709 /home/vagrant/RIOT/tests/driver_srf04/bin/octa/stm32_common.a(stmclk_common.o)
 .debug_line    0x000000000000cdbf      0xa9f /home/vagrant/RIOT/tests/driver_srf04/bin/octa/xtimer.a(xtimer.o)

.debug_str      0x0000000000000000    0xb0971
 .debug_str     0x0000000000000000    0xa555e /home/vagrant/RIOT/tests/driver_srf04/bin/octa/cpu/vectors.o
                                      0xa578f (size before relaxing)
 .debug_str     0x00000000000a555e     0x8842 /home/vagrant/RIOT/tests/driver_srf04/bin/octa/newlib_syscalls_default/syscalls.o
                                      0xadc21 (size before relaxing)
 .debug_str     0x00000000000adda0      0x32e /home/vagrant/RIOT/tests/driver_srf04/bin/octa/core.a(sched.o)
                                      0xaae5c (size before relaxing)
 .debug_str     0x00000000000ae0ce      0x244 /home/vagrant/RIOT/tests/driver_srf04/bin/octa/cortexm_common.a(thread_arch.o)
                                      0xaacc8 (size before relaxing)
 .debug_str     0x00000000000ae312      0x44b /home/vagrant/RIOT/tests/driver_srf04/bin/octa/cortexm_common.a(vectors_cortexm.o)
                                      0xabe9d (size before relaxing)
 .debug_str     0x00000000000ae75d       0xcc /home/vagrant/RIOT/tests/driver_srf04/bin/octa/cortexm_common.a(irq_arch.o)
                                      0xaab5c (size before relaxing)
 .debug_str     0x00000000000ae829      0x241 /home/vagrant/RIOT/tests/driver_srf04/bin/octa/stdio_uart.a(stdio_uart.o)
                                      0xacd0a (size before relaxing)
 .debug_str     0x00000000000aea6a      0x2ec /home/vagrant/RIOT/tests/driver_srf04/bin/octa/stm32_common_periph.a(uart.o)
                                      0xabca9 (size before relaxing)
 .debug_str     0x00000000000aed56      0x22b /home/vagrant/RIOT/tests/driver_srf04/bin/octa/stm32_common_periph.a(gpio.o)
                                      0xabba3 (size before relaxing)
 .debug_str     0x00000000000aef81      0x324 /home/vagrant/RIOT/tests/driver_srf04/bin/octa/xtimer.a(xtimer_core.o)
                                      0xac153 (size before relaxing)
 .debug_str     0x00000000000af2a5       0x9f /home/vagrant/RIOT/tests/driver_srf04/bin/octa/periph_common.a(pm.o)
                                      0xaae77 (size before relaxing)
 .debug_str     0x00000000000af344       0x93 /home/vagrant/RIOT/tests/driver_srf04/bin/octa/board.a(board.o)
                                      0xaba3a (size before relaxing)
 .debug_str     0x00000000000af3d7       0xaa /home/vagrant/RIOT/tests/driver_srf04/bin/octa/core.a(panic.o)
                                      0xaafd3 (size before relaxing)
 .debug_str     0x00000000000af481       0xe3 /home/vagrant/RIOT/tests/driver_srf04/bin/octa/core.a(kernel_init.o)
                                      0xab515 (size before relaxing)
 .debug_str     0x00000000000af564      0x171 /home/vagrant/RIOT/tests/driver_srf04/bin/octa/core.a(thread.o)
                                      0xab2df (size before relaxing)
 .debug_str     0x00000000000af6d5       0xd3 /home/vagrant/RIOT/tests/driver_srf04/bin/octa/cortexm_common_periph.a(pm.o)
                                      0xaade8 (size before relaxing)
 .debug_str     0x00000000000af7a8      0x159 /home/vagrant/RIOT/tests/driver_srf04/bin/octa/isrpipe.a(isrpipe.o)
                                      0xac46b (size before relaxing)
 .debug_str     0x00000000000af901      0x108 /home/vagrant/RIOT/tests/driver_srf04/bin/octa/stm32_common.a(cpu_init.o)
                                      0xaad9e (size before relaxing)
 .debug_str     0x00000000000afa09      0x1b2 /home/vagrant/RIOT/tests/driver_srf04/bin/octa/stm32_common.a(cpu_common.o)
                                      0xab64d (size before relaxing)
 .debug_str     0x00000000000afbbb       0xd4 /home/vagrant/RIOT/tests/driver_srf04/bin/octa/stm32_common_periph.a(timer.o)
                                      0xaba65 (size before relaxing)